Copyright 1986-2020 Xilinx, Inc. All Rights Reserved.
---------------------------------------------------------------------------------------
| Tool Version : Vivado v.2020.1 (win64) Build 2902540 Wed May 27 19:54:49 MDT 2020
| Date         : Sat Apr 11 08:22:02 2026
| Host         : Oprekin-PC running 64-bit major release  (build 9200)
| Command      : report_control_sets -verbose -file Basys3_Top_control_sets_placed.rpt
| Design       : Basys3_Top
| Device       : xc7a35t
---------------------------------------------------------------------------------------

Control Set Information

Table of Contents
-----------------
1. Summary
2. Histogram
3. Flip-Flop Distribution
4. Detailed Control Set Information

1. Summary
----------

+----------------------------------------------------------+-------+
|                          Status                          | Count |
+----------------------------------------------------------+-------+
| Total control sets                                       |     7 |
|    Minimum number of control sets                        |     7 |
|    Addition due to synthesis replication                 |     0 |
|    Addition due to physical synthesis replication        |     0 |
| Unused register locations in slices containing registers |     5 |
+----------------------------------------------------------+-------+
* Control sets can be merged at opt_design using control_set_merge or merge_equivalent_drivers
** Run report_qor_suggestions for automated merging and remapping suggestions


2. Histogram
------------

+--------------------+-------+
|       Fanout       | Count |
+--------------------+-------+
| Total control sets |     7 |
| >= 0 to < 4        |     0 |
| >= 4 to < 6        |     0 |
| >= 6 to < 8        |     0 |
| >= 8 to < 10       |     0 |
| >= 10 to < 12      |     0 |
| >= 12 to < 14      |     0 |
| >= 14 to < 16      |     0 |
| >= 16              |     7 |
+--------------------+-------+
* Control sets can be remapped at either synth_design or opt_design


3. Flip-Flop Distribution
-------------------------

+--------------+-----------------------+------------------------+-----------------+--------------+
| Clock Enable | Synchronous Set/Reset | Asynchronous Set/Reset | Total Registers | Total Slices |
+--------------+-----------------------+------------------------+-----------------+--------------+
| No           | No                    | No                     |              47 |           12 |
| No           | No                    | Yes                    |              28 |           10 |
| No           | Yes                   | No                     |               0 |            0 |
| Yes          | No                    | No                     |               0 |            0 |
| Yes          | No                    | Yes                    |              96 |           73 |
| Yes          | Yes                   | No                     |               0 |            0 |
+--------------+-----------------------+------------------------+-----------------+--------------+


4. Detailed Control Set Information
-----------------------------------

+----------------+----------------------------+------------------+------------------+----------------+--------------+
|  Clock Signal  |        Enable Signal       | Set/Reset Signal | Slice Load Count | Bel Load Count | Bels / Slice |
+----------------+----------------------------+------------------+------------------+----------------+--------------+
|  slow_clk_BUFG |                            | btnC_IBUF        |               10 |             28 |         2.80 |
|  slow_clk_BUFG | cpu/pc_reg/pc_reg[3]_rep_1 | btnC_IBUF        |               23 |             32 |         1.39 |
|  slow_clk_BUFG | cpu/pc_reg/pc_reg[3]_rep_2 | btnC_IBUF        |               19 |             32 |         1.68 |
|  slow_clk_BUFG | cpu/pc_reg/pc_reg[5]_rep_1 | btnC_IBUF        |               31 |             32 |         1.03 |
|  clk_IBUF_BUFG |                            |                  |               12 |             47 |         3.92 |
|  slow_clk_BUFG | cpu/pc_reg/pc_reg[4]_rep_3 |                  |               32 |            128 |         4.00 |
|  slow_clk_BUFG | cpu/pc_reg/pc_reg[4]_rep_4 |                  |               32 |            128 |         4.00 |
+----------------+----------------------------+------------------+------------------+----------------+--------------+


