#-----------------------------------------------------------
# Vivado v2020.1 (64-bit)
# SW Build 2902540 on Wed May 27 19:54:49 MDT 2020
# IP Build 2902112 on Wed May 27 22:43:36 MDT 2020
# Start of session at: Tue Mar 24 15:07:12 2026
# Process ID: 3976
# Current directory: C:/Users/Muhammad Murtaza/Desktop/unis shit/sem 4/CA/CA-labs-mm09736-spring-26-/vivavo files
# Command line: vivado.exe -gui_launcher_event rodinguilauncherevent14944 C:\Users\Muhammad Murtaza\Desktop\unis shit\sem 4\CA\CA-labs-mm09736-spring-26-\vivavo files\project_1.xpr
# Log file: C:/Users/Muhammad Murtaza/Desktop/unis shit/sem 4/CA/CA-labs-mm09736-spring-26-/vivavo files/vivado.log
# Journal file: C:/Users/Muhammad Murtaza/Desktop/unis shit/sem 4/CA/CA-labs-mm09736-spring-26-/vivavo files\vivado.jou
#-----------------------------------------------------------
start_gui
open_project {C:/Users/Muhammad Murtaza/Desktop/unis shit/sem 4/CA/CA-labs-mm09736-spring-26-/vivavo files/project_1.xpr}
INFO: [ProjectBase 1-489] The host OS only allows 260 characters in a normal path. The project is stored in a path with more than 80 characters. If you experience issues with IP, Block Designs, or files not being found, please consider moving the project to a location with a shorter path. Alternately consider using the OS subst command to map part of the path to a drive letter.
Current project path is 'C:/Users/Muhammad Murtaza/Desktop/unis shit/sem 4/CA/CA-labs-mm09736-spring-26-/vivavo files'
INFO: [Project 1-313] Project file moved from 'C:/CA-labs-mm09736-spring-26-/vivavo files' since last save.
Scanning sources...
Finished scanning sources
INFO: [IP_Flow 19-234] Refreshing IP repositories
INFO: [IP_Flow 19-1704] No user IP repositories specified
INFO: [IP_Flow 19-2313] Loaded Vivado IP repository 'C:/Xilinx/Vivado/2020.1/data/ip'.
open_project: Time (s): cpu = 00:00:23 ; elapsed = 00:00:13 . Memory (MB): peak = 1018.098 ; gain = 0.000
update_compile_order -fileset sources_1
exit
INFO: [Common 17-206] Exiting Vivado at Tue Mar 24 15:09:58 2026...
