#-----------------------------------------------------------
# Vivado v2020.1 (64-bit)
# SW Build 2902540 on Wed May 27 19:54:49 MDT 2020
# IP Build 2902112 on Wed May 27 22:43:36 MDT 2020
# Start of session at: Tue Mar 31 12:31:53 2026
# Process ID: 7760
# Current directory: C:/Users/Muhammad Murtaza/Desktop/unis shit/sem 4/CA/CA-labs-mm09736-spring-26-/vivavo files
# Command line: vivado.exe -gui_launcher_event rodinguilauncherevent22568 C:\Users\Muhammad Murtaza\Desktop\unis shit\sem 4\CA\CA-labs-mm09736-spring-26-\vivavo files\project_1.xpr
# Log file: C:/Users/Muhammad Murtaza/Desktop/unis shit/sem 4/CA/CA-labs-mm09736-spring-26-/vivavo files/vivado.log
# Journal file: C:/Users/Muhammad Murtaza/Desktop/unis shit/sem 4/CA/CA-labs-mm09736-spring-26-/vivavo files\vivado.jou
#-----------------------------------------------------------
start_gui
open_project {C:/Users/Muhammad Murtaza/Desktop/unis shit/sem 4/CA/CA-labs-mm09736-spring-26-/vivavo files/project_1.xpr}
INFO: [ProjectBase 1-489] The host OS only allows 260 characters in a normal path. The project is stored in a path with more than 80 characters. If you experience issues with IP, Block Designs, or files not being found, please consider moving the project to a location with a shorter path. Alternately consider using the OS subst command to map part of the path to a drive letter.
Current project path is 'C:/Users/Muhammad Murtaza/Desktop/unis shit/sem 4/CA/CA-labs-mm09736-spring-26-/vivavo files'
Scanning sources...
Finished scanning sources
INFO: [IP_Flow 19-234] Refreshing IP repositories
INFO: [IP_Flow 19-1704] No user IP repositories specified
INFO: [IP_Flow 19-2313] Loaded Vivado IP repository 'C:/Xilinx/Vivado/2020.1/data/ip'.
open_project: Time (s): cpu = 00:00:42 ; elapsed = 00:00:42 . Memory (MB): peak = 1015.668 ; gain = 0.000
update_compile_order -fileset sources_1
close [ open {C:/Users/Muhammad Murtaza/Desktop/unis shit/sem 4/CA/CA-labs-mm09736-spring-26-/vivavo files/project_1.srcs/sources_1/new/ProgramCounter.v} w ]
add_files {{C:/Users/Muhammad Murtaza/Desktop/unis shit/sem 4/CA/CA-labs-mm09736-spring-26-/vivavo files/project_1.srcs/sources_1/new/ProgramCounter.v}}
update_compile_order -fileset sources_1
close [ open {C:/Users/Muhammad Murtaza/Desktop/unis shit/sem 4/CA/CA-labs-mm09736-spring-26-/vivavo files/project_1.srcs/sources_1/new/immGen.v} w ]
add_files {{C:/Users/Muhammad Murtaza/Desktop/unis shit/sem 4/CA/CA-labs-mm09736-spring-26-/vivavo files/project_1.srcs/sources_1/new/immGen.v}}
update_compile_order -fileset sources_1
close [ open {C:/Users/Muhammad Murtaza/Desktop/unis shit/sem 4/CA/CA-labs-mm09736-spring-26-/vivavo files/project_1.srcs/sources_1/new/branchAdder.v} w ]
add_files {{C:/Users/Muhammad Murtaza/Desktop/unis shit/sem 4/CA/CA-labs-mm09736-spring-26-/vivavo files/project_1.srcs/sources_1/new/branchAdder.v}}
close [ open {C:/Users/Muhammad Murtaza/Desktop/unis shit/sem 4/CA/CA-labs-mm09736-spring-26-/vivavo files/project_1.srcs/sources_1/new/pcAdder.v} w ]
add_files {{C:/Users/Muhammad Murtaza/Desktop/unis shit/sem 4/CA/CA-labs-mm09736-spring-26-/vivavo files/project_1.srcs/sources_1/new/pcAdder.v}}
close [ open {C:/Users/Muhammad Murtaza/Desktop/unis shit/sem 4/CA/CA-labs-mm09736-spring-26-/vivavo files/project_1.srcs/sources_1/new/mux2.v} w ]
add_files {{C:/Users/Muhammad Murtaza/Desktop/unis shit/sem 4/CA/CA-labs-mm09736-spring-26-/vivavo files/project_1.srcs/sources_1/new/mux2.v}}
update_compile_order -fileset sources_1
close [ open {C:/Users/Muhammad Murtaza/Desktop/unis shit/sem 4/CA/CA-labs-mm09736-spring-26-/vivavo files/project_1.srcs/sources_1/new/Muxes.v} w ]
add_files {{C:/Users/Muhammad Murtaza/Desktop/unis shit/sem 4/CA/CA-labs-mm09736-spring-26-/vivavo files/project_1.srcs/sources_1/new/Muxes.v}}
update_compile_order -fileset sources_1
export_ip_user_files -of_objects  [get_files {{C:/Users/Muhammad Murtaza/Desktop/unis shit/sem 4/CA/CA-labs-mm09736-spring-26-/vivavo files/project_1.srcs/sources_1/new/mux2.v}}] -no_script -reset -force -quiet
remove_files  {{C:/Users/Muhammad Murtaza/Desktop/unis shit/sem 4/CA/CA-labs-mm09736-spring-26-/vivavo files/project_1.srcs/sources_1/new/mux2.v}}
close [ open {C:/Users/Muhammad Murtaza/Desktop/unis shit/sem 4/CA/CA-labs-mm09736-spring-26-/vivavo files/project_1.srcs/sources_1/new/top_lab11.v} w ]
add_files {{C:/Users/Muhammad Murtaza/Desktop/unis shit/sem 4/CA/CA-labs-mm09736-spring-26-/vivavo files/project_1.srcs/sources_1/new/top_lab11.v}}
update_compile_order -fileset sources_1
set_property SOURCE_SET sources_1 [get_filesets sim_1]
close [ open {C:/Users/Muhammad Murtaza/Desktop/unis shit/sem 4/CA/CA-labs-mm09736-spring-26-/vivavo files/project_1.srcs/sim_1/new/tb _lab11.v} w ]
add_files -fileset sim_1 {{C:/Users/Muhammad Murtaza/Desktop/unis shit/sem 4/CA/CA-labs-mm09736-spring-26-/vivavo files/project_1.srcs/sim_1/new/tb _lab11.v}}
update_compile_order -fileset sim_1
set_property top tb_task1 [get_filesets sim_1]
set_property top_lib xil_defaultlib [get_filesets sim_1]
update_compile_order -fileset sim_1
set_property top tb_lab11_task1 [get_filesets sim_1]
set_property top_lib xil_defaultlib [get_filesets sim_1]
update_compile_order -fileset sim_1
launch_simulation
Command: launch_simulation 
INFO: [Vivado 12-5682] Launching behavioral simulation in 'C:/Users/Muhammad Murtaza/Desktop/unis shit/sem 4/CA/CA-labs-mm09736-spring-26-/vivavo files/project_1.sim/sim_1/behav/xsim'
INFO: [SIM-utils-51] Simulation object is 'sim_1'
INFO: [SIM-utils-54] Inspecting design source files for 'tb_lab11_task1' in fileset 'sim_1'...
INFO: [SIM-utils-43] Exported 'C:/Users/Muhammad Murtaza/Desktop/unis shit/sem 4/CA/CA-labs-mm09736-spring-26-/vivavo files/project_1.sim/sim_1/behav/xsim/machine_code.mem'
INFO: [USF-XSim-97] Finding global include files...
INFO: [USF-XSim-98] Fetching design files from 'sim_1'...
INFO: [USF-XSim-2] XSim::Compile design
INFO: [USF-XSim-61] Executing 'COMPILE and ANALYZE' step in 'C:/Users/Muhammad Murtaza/Desktop/unis shit/sem 4/CA/CA-labs-mm09736-spring-26-/vivavo files/project_1.sim/sim_1/behav/xsim'
"xvlog --incr --relax -prj tb_lab11_task1_vlog.prj"
INFO: [VRFC 10-2263] Analyzing Verilog file "C:/Users/Muhammad Murtaza/Desktop/unis shit/sem 4/CA/CA-labs-mm09736-spring-26-/vivavo files/project_1.srcs/sources_1/new/Muxes.v" into library xil_defaultlib
INFO: [VRFC 10-311] analyzing module mux1
INFO: [VRFC 10-311] analyzing module mux2
INFO: [VRFC 10-311] analyzing module mux3
INFO: [VRFC 10-2263] Analyzing Verilog file "C:/Users/Muhammad Murtaza/Desktop/unis shit/sem 4/CA/CA-labs-mm09736-spring-26-/vivavo files/project_1.srcs/sources_1/new/ProgramCounter.v" into library xil_defaultlib
INFO: [VRFC 10-311] analyzing module ProgramCounter
INFO: [VRFC 10-2263] Analyzing Verilog file "C:/Users/Muhammad Murtaza/Desktop/unis shit/sem 4/CA/CA-labs-mm09736-spring-26-/vivavo files/project_1.srcs/sources_1/new/branchAdder.v" into library xil_defaultlib
INFO: [VRFC 10-311] analyzing module branchAdder
INFO: [VRFC 10-2263] Analyzing Verilog file "C:/Users/Muhammad Murtaza/Desktop/unis shit/sem 4/CA/CA-labs-mm09736-spring-26-/vivavo files/project_1.srcs/sources_1/new/immGen.v" into library xil_defaultlib
INFO: [VRFC 10-311] analyzing module immGen
INFO: [VRFC 10-2263] Analyzing Verilog file "C:/Users/Muhammad Murtaza/Desktop/unis shit/sem 4/CA/CA-labs-mm09736-spring-26-/vivavo files/project_1.srcs/sources_1/new/pcAdder.v" into library xil_defaultlib
INFO: [VRFC 10-311] analyzing module pcAdder
INFO: [VRFC 10-2263] Analyzing Verilog file "C:/Users/Muhammad Murtaza/Desktop/unis shit/sem 4/CA/CA-labs-mm09736-spring-26-/vivavo files/project_1.srcs/sim_1/new/tb _lab11.v" into library xil_defaultlib
INFO: [VRFC 10-311] analyzing module tb_lab11_task1
run_program: Time (s): cpu = 00:00:01 ; elapsed = 00:00:06 . Memory (MB): peak = 1015.668 ; gain = 0.000
INFO: [USF-XSim-69] 'compile' step finished in '6' seconds
INFO: [USF-XSim-3] XSim::Elaborate design
INFO: [USF-XSim-61] Executing 'ELABORATE' step in 'C:/Users/Muhammad Murtaza/Desktop/unis shit/sem 4/CA/CA-labs-mm09736-spring-26-/vivavo files/project_1.sim/sim_1/behav/xsim'
"xelab -wto 136214d76bf54cc4b2f9150d81700ac5 --incr --debug typical --relax --mt 2 -L xil_defaultlib -L unisims_ver -L unimacro_ver -L secureip --snapshot tb_lab11_task1_behav xil_defaultlib.tb_lab11_task1 xil_defaultlib.glbl -log elaborate.log"
Vivado Simulator 2020.1
Copyright 1986-1999, 2001-2020 Xilinx, Inc. All Rights Reserved.
Running: C:/Xilinx/Vivado/2020.1/bin/unwrapped/win64.o/xelab.exe -wto 136214d76bf54cc4b2f9150d81700ac5 --incr --debug typical --relax --mt 2 -L xil_defaultlib -L unisims_ver -L unimacro_ver -L secureip --snapshot tb_lab11_task1_behav xil_defaultlib.tb_lab11_task1 xil_defaultlib.glbl -log elaborate.log 
Using 2 slave threads.
Starting static elaboration
Pass Through NonSizing Optimizer
Completed static elaboration
Starting simulation data flow analysis
Completed simulation data flow analysis
Time Resolution for simulation is 1ps
Compiling module xil_defaultlib.ProgramCounter
Compiling module xil_defaultlib.pcAdder
Compiling module xil_defaultlib.branchAdder
Compiling module xil_defaultlib.mux2
Compiling module xil_defaultlib.immGen
Compiling module xil_defaultlib.tb_lab11_task1
Compiling module xil_defaultlib.glbl
Built simulation snapshot tb_lab11_task1_behav

****** Webtalk v2020.1 (64-bit)
  **** SW Build 2902540 on Wed May 27 19:54:49 MDT 2020
  **** IP Build 2902112 on Wed May 27 22:43:36 MDT 2020
    ** Copyright 1986-2020 Xilinx, Inc. All Rights Reserved.

source C:/Users/Muhammad -notrace
couldn't read file "C:/Users/Muhammad": no such file or directory
INFO: [Common 17-206] Exiting Webtalk at Fri Apr  3 21:13:49 2026...
run_program: Time (s): cpu = 00:00:01 ; elapsed = 00:00:12 . Memory (MB): peak = 1015.668 ; gain = 0.000
INFO: [USF-XSim-69] 'elaborate' step finished in '12' seconds
INFO: [USF-XSim-4] XSim::Simulate design
INFO: [USF-XSim-61] Executing 'SIMULATE' step in 'C:/Users/Muhammad Murtaza/Desktop/unis shit/sem 4/CA/CA-labs-mm09736-spring-26-/vivavo files/project_1.sim/sim_1/behav/xsim'
INFO: [USF-XSim-98] *** Running xsim
   with args "tb_lab11_task1_behav -key {Behavioral:sim_1:Functional:tb_lab11_task1} -tclbatch {tb_lab11_task1.tcl} -log {simulate.log}"
INFO: [USF-XSim-8] Loading simulator feature
Vivado Simulator 2020.1
Time resolution is 1 ps
source tb_lab11_task1.tcl
# set curr_wave [current_wave_config]
# if { [string length $curr_wave] == 0 } {
#   if { [llength [get_objects]] > 0} {
#     add_wave /
#     set_property needs_save false [current_wave_config]
#   } else {
#      send_msg_id Add_Wave-1 WARNING "No top level signals found. Simulator will start without a wave window. If you want to open a wave window go to 'File->New Waveform Configuration' or type 'create_wave_config' in the TCL console."
#   }
# }
# run 1000ns
=== PC INCREMENT TESTS (PCSrc = 0) ===
After reset: PC = 0 (expected 0)
PC = 4,  PC+4 = 8
PC = 8,  PC+4 = 12
PC = 12,  PC+4 = 16
PC = 16,  PC+4 = 20
PC = 20,  PC+4 = 24

=== BRANCH TARGET TESTS (PCSrc = 1) ===
B-type imm=+20: immGen output = 20 (expected 20)
After branch: PC = 40, branchTarget = 60
(branch target should be previous_PC + 20)

=== NEGATIVE BRANCH TEST ===
B-type imm=-4: immGen output = -8 (expected -4)
After branch: PC = 32

=== IMMGEN I-TYPE TESTS ===
ADDI imm=-1:  immGen output = -1 (expected -1)
ADDI imm=512: immGen output = 512 (expected 512)
ADDI imm=256: immGen output = 256 (expected 256)

=== IMMGEN S-TYPE TESTS ===
SW imm=0:  immGen output = 0 (expected 0)

=== SEQUENTIAL EXECUTION RESUMING ===
PC = 36,  PC+4 = 40
PC = 40,  PC+4 = 44
PC = 44,  PC+4 = 48

=== ALL TESTS DONE ===
$finish called at time : 116 ns : File "C:/Users/Muhammad Murtaza/Desktop/unis shit/sem 4/CA/CA-labs-mm09736-spring-26-/vivavo files/project_1.srcs/sim_1/new/tb _lab11.v" Line 167
xsim: Time (s): cpu = 00:00:11 ; elapsed = 00:00:07 . Memory (MB): peak = 1015.668 ; gain = 0.000
INFO: [USF-XSim-96] XSim completed. Design snapshot 'tb_lab11_task1_behav' loaded.
INFO: [USF-XSim-97] XSim simulation ran for 1000ns
launch_simulation: Time (s): cpu = 00:00:15 ; elapsed = 00:00:28 . Memory (MB): peak = 1015.668 ; gain = 0.000
close_sim
INFO: [Simtcl 6-16] Simulation closed
launch_simulation
Command: launch_simulation 
INFO: [Vivado 12-5682] Launching behavioral simulation in 'C:/Users/Muhammad Murtaza/Desktop/unis shit/sem 4/CA/CA-labs-mm09736-spring-26-/vivavo files/project_1.sim/sim_1/behav/xsim'
INFO: [SIM-utils-51] Simulation object is 'sim_1'
INFO: [SIM-utils-54] Inspecting design source files for 'tb_lab11_task1' in fileset 'sim_1'...
INFO: [SIM-utils-43] Exported 'C:/Users/Muhammad Murtaza/Desktop/unis shit/sem 4/CA/CA-labs-mm09736-spring-26-/vivavo files/project_1.sim/sim_1/behav/xsim/machine_code.mem'
INFO: [USF-XSim-97] Finding global include files...
INFO: [USF-XSim-98] Fetching design files from 'sim_1'...
INFO: [USF-XSim-2] XSim::Compile design
INFO: [USF-XSim-61] Executing 'COMPILE and ANALYZE' step in 'C:/Users/Muhammad Murtaza/Desktop/unis shit/sem 4/CA/CA-labs-mm09736-spring-26-/vivavo files/project_1.sim/sim_1/behav/xsim'
"xvlog --incr --relax -prj tb_lab11_task1_vlog.prj"
INFO: [VRFC 10-2263] Analyzing Verilog file "C:/Users/Muhammad Murtaza/Desktop/unis shit/sem 4/CA/CA-labs-mm09736-spring-26-/vivavo files/project_1.srcs/sources_1/new/Muxes.v" into library xil_defaultlib
INFO: [VRFC 10-311] analyzing module mux1
INFO: [VRFC 10-311] analyzing module mux2
INFO: [VRFC 10-311] analyzing module mux3
INFO: [VRFC 10-2263] Analyzing Verilog file "C:/Users/Muhammad Murtaza/Desktop/unis shit/sem 4/CA/CA-labs-mm09736-spring-26-/vivavo files/project_1.srcs/sources_1/new/ProgramCounter.v" into library xil_defaultlib
INFO: [VRFC 10-311] analyzing module ProgramCounter
INFO: [VRFC 10-2263] Analyzing Verilog file "C:/Users/Muhammad Murtaza/Desktop/unis shit/sem 4/CA/CA-labs-mm09736-spring-26-/vivavo files/project_1.srcs/sources_1/new/branchAdder.v" into library xil_defaultlib
INFO: [VRFC 10-311] analyzing module branchAdder
INFO: [VRFC 10-2263] Analyzing Verilog file "C:/Users/Muhammad Murtaza/Desktop/unis shit/sem 4/CA/CA-labs-mm09736-spring-26-/vivavo files/project_1.srcs/sources_1/new/immGen.v" into library xil_defaultlib
INFO: [VRFC 10-311] analyzing module immGen
INFO: [VRFC 10-2263] Analyzing Verilog file "C:/Users/Muhammad Murtaza/Desktop/unis shit/sem 4/CA/CA-labs-mm09736-spring-26-/vivavo files/project_1.srcs/sources_1/new/pcAdder.v" into library xil_defaultlib
INFO: [VRFC 10-311] analyzing module pcAdder
INFO: [VRFC 10-2263] Analyzing Verilog file "C:/Users/Muhammad Murtaza/Desktop/unis shit/sem 4/CA/CA-labs-mm09736-spring-26-/vivavo files/project_1.srcs/sim_1/new/tb _lab11.v" into library xil_defaultlib
INFO: [VRFC 10-311] analyzing module tb_lab11_task1
INFO: [USF-XSim-69] 'compile' step finished in '2' seconds
INFO: [USF-XSim-3] XSim::Elaborate design
INFO: [USF-XSim-61] Executing 'ELABORATE' step in 'C:/Users/Muhammad Murtaza/Desktop/unis shit/sem 4/CA/CA-labs-mm09736-spring-26-/vivavo files/project_1.sim/sim_1/behav/xsim'
"xelab -wto 136214d76bf54cc4b2f9150d81700ac5 --incr --debug typical --relax --mt 2 -L xil_defaultlib -L unisims_ver -L unimacro_ver -L secureip --snapshot tb_lab11_task1_behav xil_defaultlib.tb_lab11_task1 xil_defaultlib.glbl -log elaborate.log"
Vivado Simulator 2020.1
Copyright 1986-1999, 2001-2020 Xilinx, Inc. All Rights Reserved.
Running: C:/Xilinx/Vivado/2020.1/bin/unwrapped/win64.o/xelab.exe -wto 136214d76bf54cc4b2f9150d81700ac5 --incr --debug typical --relax --mt 2 -L xil_defaultlib -L unisims_ver -L unimacro_ver -L secureip --snapshot tb_lab11_task1_behav xil_defaultlib.tb_lab11_task1 xil_defaultlib.glbl -log elaborate.log 
Using 2 slave threads.
Starting static elaboration
Pass Through NonSizing Optimizer
Completed static elaboration
Starting simulation data flow analysis
Completed simulation data flow analysis
Time Resolution for simulation is 1ps
Compiling module xil_defaultlib.ProgramCounter
Compiling module xil_defaultlib.pcAdder
Compiling module xil_defaultlib.branchAdder
Compiling module xil_defaultlib.mux2
Compiling module xil_defaultlib.immGen
Compiling module xil_defaultlib.tb_lab11_task1
Compiling module xil_defaultlib.glbl
Built simulation snapshot tb_lab11_task1_behav
INFO: [USF-XSim-69] 'elaborate' step finished in '3' seconds
INFO: [USF-XSim-4] XSim::Simulate design
INFO: [USF-XSim-61] Executing 'SIMULATE' step in 'C:/Users/Muhammad Murtaza/Desktop/unis shit/sem 4/CA/CA-labs-mm09736-spring-26-/vivavo files/project_1.sim/sim_1/behav/xsim'
INFO: [USF-XSim-98] *** Running xsim
   with args "tb_lab11_task1_behav -key {Behavioral:sim_1:Functional:tb_lab11_task1} -tclbatch {tb_lab11_task1.tcl} -log {simulate.log}"
INFO: [USF-XSim-8] Loading simulator feature
Vivado Simulator 2020.1
Time resolution is 1 ps
source tb_lab11_task1.tcl
# set curr_wave [current_wave_config]
# if { [string length $curr_wave] == 0 } {
#   if { [llength [get_objects]] > 0} {
#     add_wave /
#     set_property needs_save false [current_wave_config]
#   } else {
#      send_msg_id Add_Wave-1 WARNING "No top level signals found. Simulator will start without a wave window. If you want to open a wave window go to 'File->New Waveform Configuration' or type 'create_wave_config' in the TCL console."
#   }
# }
# run 1000ns
=== PC INCREMENT TESTS (PCSrc = 0) ===
After reset: PC = 0 (expected 0)
PC = 4,  PC+4 = 8
PC = 8,  PC+4 = 12
PC = 12,  PC+4 = 16
PC = 16,  PC+4 = 20
PC = 20,  PC+4 = 24

=== BRANCH TARGET TESTS (PCSrc = 1) ===
B-type imm=+20: immGen output = 20 (expected 20)
After branch: PC = 40, branchTarget = 60
(branch target should be previous_PC + 20)

=== NEGATIVE BRANCH TEST ===
B-type imm=-4: immGen output = -8 (expected -4)
After branch: PC = 32

=== IMMGEN I-TYPE TESTS ===
ADDI imm=-1:  immGen output = -1 (expected -1)
ADDI imm=512: immGen output = 512 (expected 512)
ADDI imm=256: immGen output = 256 (expected 256)

=== IMMGEN S-TYPE TESTS ===
SW imm=0:  immGen output = 0 (expected 0)

=== SEQUENTIAL EXECUTION RESUMING ===
PC = 36,  PC+4 = 40
PC = 40,  PC+4 = 44
PC = 44,  PC+4 = 48

=== ALL TESTS DONE ===
$finish called at time : 116 ns : File "C:/Users/Muhammad Murtaza/Desktop/unis shit/sem 4/CA/CA-labs-mm09736-spring-26-/vivavo files/project_1.srcs/sim_1/new/tb _lab11.v" Line 167
xsim: Time (s): cpu = 00:00:09 ; elapsed = 00:00:06 . Memory (MB): peak = 1015.668 ; gain = 0.000
INFO: [USF-XSim-96] XSim completed. Design snapshot 'tb_lab11_task1_behav' loaded.
INFO: [USF-XSim-97] XSim simulation ran for 1000ns
launch_simulation: Time (s): cpu = 00:00:10 ; elapsed = 00:00:12 . Memory (MB): peak = 1015.668 ; gain = 0.000
close_sim
INFO: [Simtcl 6-16] Simulation closed
close_sim: Time (s): cpu = 00:00:11 ; elapsed = 00:00:07 . Memory (MB): peak = 1039.520 ; gain = 23.852
reset_run synth_1
set_property top TopLevelProcessor [current_fileset]
update_compile_order -fileset sources_1
launch_runs impl_1 -jobs 4
[Fri Apr  3 21:43:17 2026] Launched synth_1...
Run output will be captured here: C:/Users/Muhammad Murtaza/Desktop/unis shit/sem 4/CA/CA-labs-mm09736-spring-26-/vivavo files/project_1.runs/synth_1/runme.log
[Fri Apr  3 21:43:17 2026] Launched impl_1...
Run output will be captured here: C:/Users/Muhammad Murtaza/Desktop/unis shit/sem 4/CA/CA-labs-mm09736-spring-26-/vivavo files/project_1.runs/impl_1/runme.log
open_run impl_1
INFO: [Device 21-403] Loading part xc7a35tcpg236-1
Netlist sorting complete. Time (s): cpu = 00:00:00 ; elapsed = 00:00:00.019 . Memory (MB): peak = 1398.699 ; gain = 0.000
INFO: [Netlist 29-17] Analyzing 174 Unisim elements for replacement
INFO: [Netlist 29-28] Unisim Transformation completed in 0 CPU seconds
INFO: [Project 1-479] Netlist was created with Vivado 2020.1
INFO: [Project 1-570] Preparing netlist for logic optimization
INFO: [Timing 38-478] Restoring timing data from binary archive.
INFO: [Timing 38-479] Binary timing data restore complete.
INFO: [Project 1-856] Restoring constraints from binary archive.
INFO: [Project 1-853] Binary constraint restore complete.
Reading XDEF placement.
Reading placer database...
Reading XDEF routing.
Read XDEF File: Time (s): cpu = 00:00:00 ; elapsed = 00:00:00.329 . Memory (MB): peak = 1980.949 ; gain = 0.000
Restored from archive | CPU: 0.000000 secs | Memory: 0.000000 MB |
Finished XDEF File Restore: Time (s): cpu = 00:00:00 ; elapsed = 00:00:00.331 . Memory (MB): peak = 1980.949 ; gain = 0.000
Netlist sorting complete. Time (s): cpu = 00:00:00 ; elapsed = 00:00:00.001 . Memory (MB): peak = 1980.949 ; gain = 0.000
INFO: [Project 1-111] Unisim Transformation Summary:
  A total of 62 instances were transformed.
  RAM256X1S => RAM256X1S (MUXF7(x2), MUXF8, RAMS64E(x4)): 62 instances

open_run: Time (s): cpu = 00:00:46 ; elapsed = 00:00:40 . Memory (MB): peak = 2085.531 ; gain = 927.820
exit
INFO: [Common 17-206] Exiting Vivado at Fri Apr  3 21:56:11 2026...
