#-----------------------------------------------------------
# Vivado v2020.1 (64-bit)
# SW Build 2902540 on Wed May 27 19:54:49 MDT 2020
# IP Build 2902112 on Wed May 27 22:43:36 MDT 2020
# Start of session at: Tue Mar 24 12:24:53 2026
# Process ID: 10620
# Current directory: C:/CA-labs-mm09736-spring-26-/vivavo files
# Command line: vivado.exe -gui_launcher_event rodinguilauncherevent14952 C:\CA-labs-mm09736-spring-26-\vivavo files\project_1.xpr
# Log file: C:/CA-labs-mm09736-spring-26-/vivavo files/vivado.log
# Journal file: C:/CA-labs-mm09736-spring-26-/vivavo files\vivado.jou
#-----------------------------------------------------------
start_gui
open_project {C:/CA-labs-mm09736-spring-26-/vivavo files/project_1.xpr}
update_compile_order -fileset sources_1
import_files -norecurse {{C:/Users/1544-001-005/OneDrive - Habib University/HU/Semester 4/Computer Architecture/CA Labs/Lab 10 Assembly part/machine_code.mem}}
close [ open {C:/CA-labs-mm09736-spring-26-/vivavo files/project_1.srcs/sources_1/new/InstructionMemory.v} w ]
add_files {{C:/CA-labs-mm09736-spring-26-/vivavo files/project_1.srcs/sources_1/new/InstructionMemory.v}}
update_compile_order -fileset sources_1
close [ open {C:/CA-labs-mm09736-spring-26-/vivavo files/project_1.srcs/sources_1/new/top_lab10.v} w ]
add_files {{C:/CA-labs-mm09736-spring-26-/vivavo files/project_1.srcs/sources_1/new/top_lab10.v}}
update_compile_order -fileset sources_1
# Disabling source management mode.  This is to allow the top design properties to be set without GUI intervention.
set_property source_mgmt_mode None [current_project]
set_property top top_lab10 [current_fileset]
# Re-enabling previously disabled source management mode.
set_property source_mgmt_mode All [current_project]
update_compile_order -fileset sources_1
reset_run synth_1
launch_runs impl_1 -to_step write_bitstream -jobs 8
wait_on_run impl_1
close [ open {C:/CA-labs-mm09736-spring-26-/vivavo files/project_1.srcs/constrs_1/new/lab10_constraints.xdc} w ]
add_files -fileset constrs_1 {{C:/CA-labs-mm09736-spring-26-/vivavo files/project_1.srcs/constrs_1/new/lab10_constraints.xdc}}
set_property is_enabled false [get_files  {{C:/CA-labs-mm09736-spring-26-/vivavo files/project_1.srcs/constrs_1/new/lab9_const.xdc}}]
set_property target_constrs_file {C:/CA-labs-mm09736-spring-26-/vivavo files/project_1.srcs/constrs_1/new/lab10_constraints.xdc} [current_fileset -constrset]
reset_run synth_1
launch_runs impl_1 -to_step write_bitstream -jobs 8
wait_on_run impl_1
