#! /home/syed/oss-cad-suite/bin/vvp
:ivl_version "13.0 (devel)" "(s20251012-95-g89dd3d980)";
:ivl_delay_selection "TYPICAL";
:vpi_time_precision + 0;
:vpi_module "/home/syed/oss-cad-suite/lib/ivl/system.vpi";
:vpi_module "/home/syed/oss-cad-suite/lib/ivl/vhdl_sys.vpi";
:vpi_module "/home/syed/oss-cad-suite/lib/ivl/vhdl_textio.vpi";
:vpi_module "/home/syed/oss-cad-suite/lib/ivl/v2005_math.vpi";
:vpi_module "/home/syed/oss-cad-suite/lib/ivl/va_math.vpi";
S_0x5555571c6860 .scope module, "tb_task1" "tb_task1" 2 1;
 .timescale 0 0;
v0x5555571f9b00_0 .var "PCSrc", 0 0;
v0x5555571f9bc0_0 .var "clk", 0 0;
v0x5555571f9c90_0 .net "imm", 31 0, v0x5555571f8610_0;  1 drivers
v0x5555571f9db0_0 .var "instr", 31 0;
v0x5555571f9e50_0 .net "pc", 31 0, v0x5555571f9080_0;  1 drivers
v0x5555571f9f40_0 .net "pc_branch", 31 0, L_0x55555720a770;  1 drivers
v0x5555571fa030_0 .net "pc_next", 31 0, L_0x55555720a860;  1 drivers
v0x5555571fa140_0 .net "pc_next_seq", 31 0, L_0x55555720a390;  1 drivers
v0x5555571fa250_0 .var "reset", 0 0;
S_0x5555571c69f0 .scope module, "branch_adder_inst" "branchAdder" 2 31, 3 1 0, S_0x5555571c6860;
 .timescale 0 0;
    .port_info 0 /INPUT 32 "pc";
    .port_info 1 /INPUT 32 "imm";
    .port_info 2 /OUTPUT 32 "pc_branch";
v0x5555571d2b20_0 .net *"_ivl_0", 31 0, L_0x55555720a600;  1 drivers
v0x5555571f7e90_0 .net *"_ivl_2", 30 0, L_0x55555720a560;  1 drivers
L_0x7975b8786060 .functor BUFT 1, C4<0>, C4<0>, C4<0>, C4<0>;
v0x5555571f7f70_0 .net *"_ivl_4", 0 0, L_0x7975b8786060;  1 drivers
v0x5555571f8030_0 .net "imm", 31 0, v0x5555571f8610_0;  alias, 1 drivers
v0x5555571f8110_0 .net "pc", 31 0, v0x5555571f9080_0;  alias, 1 drivers
v0x5555571f8240_0 .net "pc_branch", 31 0, L_0x55555720a770;  alias, 1 drivers
L_0x55555720a560 .part v0x5555571f8610_0, 0, 31;
L_0x55555720a600 .concat [ 1 31 0 0], L_0x7975b8786060, L_0x55555720a560;
L_0x55555720a770 .arith/sum 32, v0x5555571f9080_0, L_0x55555720a600;
S_0x5555571f83a0 .scope module, "imm_gen_inst" "immGen" 2 26, 4 1 0, S_0x5555571c6860;
 .timescale 0 0;
    .port_info 0 /INPUT 32 "instr";
    .port_info 1 /OUTPUT 32 "imm";
v0x5555571f8610_0 .var "imm", 31 0;
v0x5555571f86f0_0 .net "instr", 31 0, v0x5555571f9db0_0;  1 drivers
v0x5555571f87b0_0 .net "opcode", 6 0, L_0x55555720a4c0;  1 drivers
E_0x5555571d07b0 .event anyedge, v0x5555571f87b0_0, v0x5555571f86f0_0;
L_0x55555720a4c0 .part v0x5555571f9db0_0, 0, 7;
S_0x5555571f88d0 .scope module, "pc_adder_inst" "pcAdder" 2 21, 5 1 0, S_0x5555571c6860;
 .timescale 0 0;
    .port_info 0 /INPUT 32 "pc";
    .port_info 1 /OUTPUT 32 "pc_next_seq";
L_0x7975b8786018 .functor BUFT 1, C4<00000000000000000000000000000100>, C4<0>, C4<0>, C4<0>;
v0x5555571f8b00_0 .net/2u *"_ivl_0", 31 0, L_0x7975b8786018;  1 drivers
v0x5555571f8be0_0 .net "pc", 31 0, v0x5555571f9080_0;  alias, 1 drivers
v0x5555571f8ca0_0 .net "pc_next_seq", 31 0, L_0x55555720a390;  alias, 1 drivers
L_0x55555720a390 .arith/sum 32, v0x5555571f9080_0, L_0x7975b8786018;
S_0x5555571f8da0 .scope module, "pc_inst" "ProgramCounter" 2 14, 6 1 0, S_0x5555571c6860;
 .timescale 0 0;
    .port_info 0 /INPUT 1 "clk";
    .port_info 1 /INPUT 1 "reset";
    .port_info 2 /INPUT 32 "pc_next";
    .port_info 3 /OUTPUT 32 "pc";
v0x5555571f8fa0_0 .net "clk", 0 0, v0x5555571f9bc0_0;  1 drivers
v0x5555571f9080_0 .var "pc", 31 0;
v0x5555571f9190_0 .net "pc_next", 31 0, L_0x55555720a860;  alias, 1 drivers
v0x5555571f9250_0 .net "reset", 0 0, v0x5555571fa250_0;  1 drivers
E_0x5555571d07f0 .event posedge, v0x5555571f9250_0, v0x5555571f8fa0_0;
S_0x5555571f9390 .scope module, "pc_mux" "mux2" 2 37, 7 1 0, S_0x5555571c6860;
 .timescale 0 0;
    .port_info 0 /INPUT 32 "in0";
    .port_info 1 /INPUT 32 "in1";
    .port_info 2 /INPUT 1 "sel";
    .port_info 3 /OUTPUT 32 "out";
P_0x5555571f95c0 .param/l "WIDTH" 0 7 1, +C4<00000000000000000000000000100000>;
v0x5555571f96f0_0 .net "in0", 31 0, L_0x55555720a390;  alias, 1 drivers
v0x5555571f9800_0 .net "in1", 31 0, L_0x55555720a770;  alias, 1 drivers
v0x5555571f98d0_0 .net "out", 31 0, L_0x55555720a860;  alias, 1 drivers
v0x5555571f99d0_0 .net "sel", 0 0, v0x5555571f9b00_0;  1 drivers
L_0x55555720a860 .functor MUXZ 32, L_0x55555720a390, L_0x55555720a770, v0x5555571f9b00_0, C4<>;
    .scope S_0x5555571f8da0;
T_0 ;
    %wait E_0x5555571d07f0;
    %load/vec4 v0x5555571f9250_0;
    %flag_set/vec4 8;
    %jmp/0xz  T_0.0, 8;
    %pushi/vec4 0, 0, 32;
    %assign/vec4 v0x5555571f9080_0, 0;
    %jmp T_0.1;
T_0.0 ;
    %load/vec4 v0x5555571f9190_0;
    %assign/vec4 v0x5555571f9080_0, 0;
T_0.1 ;
    %jmp T_0;
    .thread T_0;
    .scope S_0x5555571f83a0;
T_1 ;
    %wait E_0x5555571d07b0;
    %load/vec4 v0x5555571f87b0_0;
    %dup/vec4;
    %pushi/vec4 19, 0, 7;
    %cmp/u;
    %jmp/1 T_1.0, 6;
    %dup/vec4;
    %pushi/vec4 3, 0, 7;
    %cmp/u;
    %jmp/1 T_1.1, 6;
    %dup/vec4;
    %pushi/vec4 35, 0, 7;
    %cmp/u;
    %jmp/1 T_1.2, 6;
    %dup/vec4;
    %pushi/vec4 99, 0, 7;
    %cmp/u;
    %jmp/1 T_1.3, 6;
    %dup/vec4;
    %pushi/vec4 111, 0, 7;
    %cmp/u;
    %jmp/1 T_1.4, 6;
    %dup/vec4;
    %pushi/vec4 55, 0, 7;
    %cmp/u;
    %jmp/1 T_1.5, 6;
    %dup/vec4;
    %pushi/vec4 23, 0, 7;
    %cmp/u;
    %jmp/1 T_1.6, 6;
    %pushi/vec4 0, 0, 32;
    %store/vec4 v0x5555571f8610_0, 0, 32;
    %jmp T_1.8;
T_1.0 ;
    %load/vec4 v0x5555571f86f0_0;
    %parti/s 1, 31, 6;
    %replicate 20;
    %load/vec4 v0x5555571f86f0_0;
    %parti/s 12, 20, 6;
    %concat/vec4; draw_concat_vec4
    %store/vec4 v0x5555571f8610_0, 0, 32;
    %jmp T_1.8;
T_1.1 ;
    %load/vec4 v0x5555571f86f0_0;
    %parti/s 1, 31, 6;
    %replicate 20;
    %load/vec4 v0x5555571f86f0_0;
    %parti/s 12, 20, 6;
    %concat/vec4; draw_concat_vec4
    %store/vec4 v0x5555571f8610_0, 0, 32;
    %jmp T_1.8;
T_1.2 ;
    %load/vec4 v0x5555571f86f0_0;
    %parti/s 1, 31, 6;
    %replicate 20;
    %load/vec4 v0x5555571f86f0_0;
    %parti/s 7, 25, 6;
    %concat/vec4; draw_concat_vec4
    %load/vec4 v0x5555571f86f0_0;
    %parti/s 5, 7, 4;
    %concat/vec4; draw_concat_vec4
    %store/vec4 v0x5555571f8610_0, 0, 32;
    %jmp T_1.8;
T_1.3 ;
    %load/vec4 v0x5555571f86f0_0;
    %parti/s 1, 31, 6;
    %replicate 20;
    %load/vec4 v0x5555571f86f0_0;
    %parti/s 1, 31, 6;
    %concat/vec4; draw_concat_vec4
    %load/vec4 v0x5555571f86f0_0;
    %parti/s 1, 7, 4;
    %concat/vec4; draw_concat_vec4
    %load/vec4 v0x5555571f86f0_0;
    %parti/s 6, 25, 6;
    %concat/vec4; draw_concat_vec4
    %load/vec4 v0x5555571f86f0_0;
    %parti/s 4, 8, 5;
    %concat/vec4; draw_concat_vec4
    %store/vec4 v0x5555571f8610_0, 0, 32;
    %jmp T_1.8;
T_1.4 ;
    %load/vec4 v0x5555571f86f0_0;
    %parti/s 1, 31, 6;
    %replicate 12;
    %load/vec4 v0x5555571f86f0_0;
    %parti/s 1, 31, 6;
    %concat/vec4; draw_concat_vec4
    %load/vec4 v0x5555571f86f0_0;
    %parti/s 8, 12, 5;
    %concat/vec4; draw_concat_vec4
    %load/vec4 v0x5555571f86f0_0;
    %parti/s 1, 20, 6;
    %concat/vec4; draw_concat_vec4
    %load/vec4 v0x5555571f86f0_0;
    %parti/s 10, 21, 6;
    %concat/vec4; draw_concat_vec4
    %store/vec4 v0x5555571f8610_0, 0, 32;
    %jmp T_1.8;
T_1.5 ;
    %load/vec4 v0x5555571f86f0_0;
    %parti/s 20, 12, 5;
    %concati/vec4 0, 0, 12;
    %store/vec4 v0x5555571f8610_0, 0, 32;
    %jmp T_1.8;
T_1.6 ;
    %load/vec4 v0x5555571f86f0_0;
    %parti/s 20, 12, 5;
    %concati/vec4 0, 0, 12;
    %store/vec4 v0x5555571f8610_0, 0, 32;
    %jmp T_1.8;
T_1.8 ;
    %pop/vec4 1;
    %jmp T_1;
    .thread T_1, $push;
    .scope S_0x5555571c6860;
T_2 ;
    %delay 5, 0;
    %load/vec4 v0x5555571f9bc0_0;
    %inv;
    %store/vec4 v0x5555571f9bc0_0, 0, 1;
    %jmp T_2;
    .thread T_2;
    .scope S_0x5555571c6860;
T_3 ;
    %vpi_call 2 48 "$dumpfile", "task1.vcd" {0 0 0};
    %vpi_call 2 49 "$dumpvars", 32'sb00000000000000000000000000000000, S_0x5555571c6860 {0 0 0};
    %pushi/vec4 0, 0, 1;
    %store/vec4 v0x5555571f9bc0_0, 0, 1;
    %pushi/vec4 1, 0, 1;
    %store/vec4 v0x5555571fa250_0, 0, 1;
    %pushi/vec4 0, 0, 1;
    %store/vec4 v0x5555571f9b00_0, 0, 1;
    %pushi/vec4 0, 0, 32;
    %store/vec4 v0x5555571f9db0_0, 0, 32;
    %delay 10, 0;
    %pushi/vec4 0, 0, 1;
    %store/vec4 v0x5555571fa250_0, 0, 1;
    %delay 10, 0;
    %load/vec4 v0x5555571f9e50_0;
    %cmpi/ne 4, 0, 32;
    %jmp/0xz  T_3.0, 6;
    %vpi_call 2 62 "$display", "Error: PC not 4, it is %0d", v0x5555571f9e50_0 {0 0 0};
    %jmp T_3.1;
T_3.0 ;
    %vpi_call 2 63 "$display", "Pass: PC incremented to 4" {0 0 0};
T_3.1 ;
    %delay 10, 0;
    %load/vec4 v0x5555571f9e50_0;
    %cmpi/ne 8, 0, 32;
    %jmp/0xz  T_3.2, 6;
    %vpi_call 2 66 "$display", "Error: PC not 8, it is %0d", v0x5555571f9e50_0 {0 0 0};
    %jmp T_3.3;
T_3.2 ;
    %vpi_call 2 67 "$display", "Pass: PC incremented to 8" {0 0 0};
T_3.3 ;
    %pushi/vec4 4263546083, 0, 32;
    %store/vec4 v0x5555571f9db0_0, 0, 32;
    %delay 10, 0;
    %load/vec4 v0x5555571f9c90_0;
    %cmpi/ne 4294967292, 0, 32;
    %jmp/0xz  T_3.4, 6;
    %vpi_call 2 75 "$display", "Error: B-Type Imm generated is %h, expected FFFFFFFC", v0x5555571f9c90_0 {0 0 0};
    %jmp T_3.5;
T_3.4 ;
    %vpi_call 2 76 "$display", "Pass: Correct B-Type immediate" {0 0 0};
T_3.5 ;
    %load/vec4 v0x5555571f9f40_0;
    %load/vec4 v0x5555571f9e50_0;
    %addi 4294967288, 0, 32;
    %cmp/ne;
    %jmp/0xz  T_3.6, 6;
    %load/vec4 v0x5555571f9e50_0;
    %subi 8, 0, 32;
    %vpi_call 2 78 "$display", "Error: Branch Target is %h, expected %h", v0x5555571f9f40_0, S<0,vec4,u32> {1 0 0};
    %jmp T_3.7;
T_3.6 ;
    %vpi_call 2 79 "$display", "Pass: Correct branch target calculated (PC - 8)" {0 0 0};
T_3.7 ;
    %pushi/vec4 1, 0, 1;
    %store/vec4 v0x5555571f9b00_0, 0, 1;
    %delay 10, 0;
    %load/vec4 v0x5555571f9e50_0;
    %cmpi/ne 4, 0, 32;
    %jmp/0xz  T_3.8, 6;
    %vpi_call 2 84 "$display", "Error: PC did not branch to 4, it is %0d", v0x5555571f9e50_0 {0 0 0};
    %jmp T_3.9;
T_3.8 ;
    %vpi_call 2 85 "$display", "Pass: PC correctly branched to 4" {0 0 0};
T_3.9 ;
    %pushi/vec4 0, 0, 1;
    %store/vec4 v0x5555571f9b00_0, 0, 1;
    %delay 10, 0;
    %load/vec4 v0x5555571f9e50_0;
    %cmpi/ne 8, 0, 32;
    %jmp/0xz  T_3.10, 6;
    %vpi_call 2 90 "$display", "Error: PC did not increment to 8 after branch, it is %0d", v0x5555571f9e50_0 {0 0 0};
    %jmp T_3.11;
T_3.10 ;
    %vpi_call 2 91 "$display", "Pass: PC returned to sequential execution (8)" {0 0 0};
T_3.11 ;
    %pushi/vec4 15728787, 0, 32;
    %store/vec4 v0x5555571f9db0_0, 0, 32;
    %delay 10, 0;
    %load/vec4 v0x5555571f9c90_0;
    %cmpi/ne 15, 0, 32;
    %jmp/0xz  T_3.12, 6;
    %vpi_call 2 97 "$display", "Error: I-type Immediate is %h", v0x5555571f9c90_0 {0 0 0};
    %jmp T_3.13;
T_3.12 ;
    %vpi_call 2 98 "$display", "Pass: Correct I-Type immediate" {0 0 0};
T_3.13 ;
    %vpi_call 2 100 "$display", "All tests completed!" {0 0 0};
    %vpi_call 2 101 "$finish" {0 0 0};
    %end;
    .thread T_3;
# The file index is used to find the file name in the following table.
:file_names 8;
    "N/A";
    "<interactive>";
    "tb_task1.v";
    "branchAdder.v";
    "immGen.v";
    "pcAdder.v";
    "ProgramCounter.v";
    "mux2.v";
