#! /home/syed/oss-cad-suite/bin/vvp
:ivl_version "13.0 (devel)" "(s20251012-95-g89dd3d980)";
:ivl_delay_selection "TYPICAL";
:vpi_time_precision - 12;
:vpi_module "/home/syed/oss-cad-suite/lib/ivl/system.vpi";
:vpi_module "/home/syed/oss-cad-suite/lib/ivl/vhdl_sys.vpi";
:vpi_module "/home/syed/oss-cad-suite/lib/ivl/vhdl_textio.vpi";
:vpi_module "/home/syed/oss-cad-suite/lib/ivl/v2005_math.vpi";
:vpi_module "/home/syed/oss-cad-suite/lib/ivl/va_math.vpi";
S_0x555590ed5510 .scope module, "tb_top" "tb_top" 2 3;
 .timescale -9 -12;
v0x555590f03370_0 .var "clk", 0 0;
v0x555590f03410_0 .var "reset", 0 0;
S_0x555590e97c90 .scope module, "cpu" "TopLevelProcessor" 2 7, 3 1 0, S_0x555590ed5510;
 .timescale -9 -12;
    .port_info 0 /INPUT 1 "clk";
    .port_info 1 /INPUT 1 "reset";
L_0x555590ee1930 .functor AND 1, v0x555590efc4e0_0, L_0x555590f15490, C4<1>, C4<1>;
v0x555590f01c40_0 .net "ALUControl", 3 0, v0x555590ea1c60_0;  1 drivers
v0x555590f01d70_0 .net "ALUOp", 1 0, v0x555590efc360_0;  1 drivers
v0x555590f01e80_0 .net "ALUSrc", 0 0, v0x555590efc440_0;  1 drivers
v0x555590f01f70_0 .net "Branch", 0 0, v0x555590efc4e0_0;  1 drivers
v0x555590f02010_0 .net "MemRead", 0 0, v0x555590efc5b0_0;  1 drivers
v0x555590f02100_0 .net "MemWrite", 0 0, v0x555590efc650_0;  1 drivers
v0x555590f021f0_0 .net "MemtoReg", 0 0, v0x555590efc740_0;  1 drivers
v0x555590f022e0_0 .net "PCSrc", 0 0, L_0x555590ee1930;  1 drivers
v0x555590f02380_0 .net "RegWrite", 0 0, v0x555590efc800_0;  1 drivers
v0x555590f024b0_0 .net "alu_in2", 31 0, L_0x555590f151e0;  1 drivers
v0x555590f025a0_0 .net "alu_result", 31 0, L_0x555590f14f60;  1 drivers
v0x555590f02640_0 .net "clk", 0 0, v0x555590f03370_0;  1 drivers
v0x555590f026e0_0 .net "imm", 31 0, v0x555590efd9d0_0;  1 drivers
v0x555590f02780_0 .net "instr", 31 0, L_0x555590ee19a0;  1 drivers
v0x555590f02870_0 .net "pc", 31 0, v0x555590eff680_0;  1 drivers
v0x555590f029c0_0 .net "pc_branch", 31 0, L_0x555590f14ec0;  1 drivers
v0x555590f02a80_0 .net "pc_next", 31 0, L_0x555590f15020;  1 drivers
v0x555590f02ca0_0 .net "pc_plus_4", 31 0, L_0x555590f135a0;  1 drivers
v0x555590f02db0_0 .net "rd1", 31 0, L_0x555590f14040;  1 drivers
v0x555590f02ec0_0 .net "rd2", 31 0, L_0x555590f147c0;  1 drivers
v0x555590f02f80_0 .net "read_data", 31 0, L_0x555590f157b0;  1 drivers
v0x555590f03090_0 .net "reset", 0 0, v0x555590f03410_0;  1 drivers
v0x555590f03180_0 .net "write_data", 31 0, L_0x555590f15870;  1 drivers
v0x555590f03290_0 .net "zero", 0 0, L_0x555590f15490;  1 drivers
L_0x555590f139b0 .part L_0x555590ee19a0, 0, 7;
L_0x555590f149a0 .part L_0x555590ee19a0, 15, 5;
L_0x555590f14a40 .part L_0x555590ee19a0, 20, 5;
L_0x555590f14ae0 .part L_0x555590ee19a0, 7, 5;
L_0x555590f15280 .part L_0x555590ee19a0, 12, 3;
L_0x555590f15320 .part L_0x555590ee19a0, 25, 7;
S_0x555590ed3580 .scope module, "alu_ctrl" "alu_control" 3 102, 4 1 0, S_0x555590e97c90;
 .timescale -9 -12;
    .port_info 0 /INPUT 2 "ALUOp";
    .port_info 1 /INPUT 3 "funct3";
    .port_info 2 /INPUT 7 "funct7";
    .port_info 3 /OUTPUT 4 "ALUControl";
v0x555590ea1c60_0 .var "ALUControl", 3 0;
v0x555590e9e2b0_0 .net "ALUOp", 1 0, v0x555590efc360_0;  alias, 1 drivers
v0x555590ed47b0_0 .net "funct3", 2 0, L_0x555590f15280;  1 drivers
v0x555590ed4850_0 .net "funct7", 6 0, L_0x555590f15320;  1 drivers
E_0x555590ec60c0 .event anyedge, v0x555590e9e2b0_0, v0x555590ed47b0_0, v0x555590ed4850_0;
S_0x555590efa8b0 .scope module, "alu_inst" "ALU" 3 109, 5 1 0, S_0x555590e97c90;
 .timescale -9 -12;
    .port_info 0 /INPUT 32 "A";
    .port_info 1 /INPUT 32 "B";
    .port_info 2 /INPUT 4 "ALUControl";
    .port_info 3 /OUTPUT 32 "ALUResult";
    .port_info 4 /OUTPUT 1 "Zero";
L_0x555590f14f60 .functor BUFZ 32, v0x555590efb0b0_0, C4<00000000000000000000000000000000>, C4<00000000000000000000000000000000>, C4<00000000000000000000000000000000>;
v0x555590efab80_0 .net "A", 31 0, L_0x555590f14040;  alias, 1 drivers
v0x555590efac80_0 .net "ALUControl", 3 0, v0x555590ea1c60_0;  alias, 1 drivers
v0x555590efad40_0 .net "ALUResult", 31 0, L_0x555590f14f60;  alias, 1 drivers
v0x555590efade0_0 .net "B", 31 0, L_0x555590f151e0;  alias, 1 drivers
v0x555590efaec0_0 .net "Zero", 0 0, L_0x555590f15490;  alias, 1 drivers
L_0x7934e3786330 .functor BUFT 1, C4<00000000000000000000000000000000>, C4<0>, C4<0>, C4<0>;
v0x555590efafd0_0 .net/2u *"_ivl_2", 31 0, L_0x7934e3786330;  1 drivers
v0x555590efb0b0_0 .var "result", 31 0;
E_0x555590e87eb0 .event anyedge, v0x555590ea1c60_0, v0x555590efab80_0, v0x555590efade0_0;
L_0x555590f15490 .cmp/eq 32, v0x555590efb0b0_0, L_0x7934e3786330;
S_0x555590efb230 .scope module, "alu_src_mux" "mux2" 3 95, 6 1 0, S_0x555590e97c90;
 .timescale -9 -12;
    .port_info 0 /INPUT 32 "in0";
    .port_info 1 /INPUT 32 "in1";
    .port_info 2 /INPUT 1 "sel";
    .port_info 3 /OUTPUT 32 "out";
P_0x555590efb410 .param/l "WIDTH" 0 6 1, +C4<00000000000000000000000000100000>;
v0x555590efb4b0_0 .net "in0", 31 0, L_0x555590f147c0;  alias, 1 drivers
v0x555590efb590_0 .net "in1", 31 0, v0x555590efd9d0_0;  alias, 1 drivers
v0x555590efb670_0 .net "out", 31 0, L_0x555590f151e0;  alias, 1 drivers
v0x555590efb770_0 .net "sel", 0 0, v0x555590efc440_0;  alias, 1 drivers
L_0x555590f151e0 .functor MUXZ 32, L_0x555590f147c0, v0x555590efd9d0_0, v0x555590efc440_0, C4<>;
S_0x555590efb8c0 .scope module, "br_add" "branchAdder" 3 81, 7 1 0, S_0x555590e97c90;
 .timescale -9 -12;
    .port_info 0 /INPUT 32 "pc";
    .port_info 1 /INPUT 32 "imm";
    .port_info 2 /OUTPUT 32 "pc_branch";
v0x555590efbac0_0 .net *"_ivl_0", 31 0, L_0x555590f14dd0;  1 drivers
v0x555590efbbc0_0 .net *"_ivl_2", 30 0, L_0x555590f14d30;  1 drivers
L_0x7934e37862e8 .functor BUFT 1, C4<0>, C4<0>, C4<0>, C4<0>;
v0x555590efbca0_0 .net *"_ivl_4", 0 0, L_0x7934e37862e8;  1 drivers
v0x555590efbd60_0 .net "imm", 31 0, v0x555590efd9d0_0;  alias, 1 drivers
v0x555590efbe50_0 .net "pc", 31 0, v0x555590eff680_0;  alias, 1 drivers
v0x555590efbf60_0 .net "pc_branch", 31 0, L_0x555590f14ec0;  alias, 1 drivers
L_0x555590f14d30 .part v0x555590efd9d0_0, 0, 31;
L_0x555590f14dd0 .concat [ 1 31 0 0], L_0x7934e37862e8, L_0x555590f14d30;
L_0x555590f14ec0 .arith/sum 32, v0x555590eff680_0, L_0x555590f14dd0;
S_0x555590efc0c0 .scope module, "ctrl" "main_control" 3 50, 8 1 0, S_0x555590e97c90;
 .timescale -9 -12;
    .port_info 0 /INPUT 7 "opcode";
    .port_info 1 /OUTPUT 1 "RegWrite";
    .port_info 2 /OUTPUT 2 "ALUOp";
    .port_info 3 /OUTPUT 1 "MemRead";
    .port_info 4 /OUTPUT 1 "MemWrite";
    .port_info 5 /OUTPUT 1 "ALUSrc";
    .port_info 6 /OUTPUT 1 "MemtoReg";
    .port_info 7 /OUTPUT 1 "Branch";
v0x555590efc360_0 .var "ALUOp", 1 0;
v0x555590efc440_0 .var "ALUSrc", 0 0;
v0x555590efc4e0_0 .var "Branch", 0 0;
v0x555590efc5b0_0 .var "MemRead", 0 0;
v0x555590efc650_0 .var "MemWrite", 0 0;
v0x555590efc740_0 .var "MemtoReg", 0 0;
v0x555590efc800_0 .var "RegWrite", 0 0;
v0x555590efc8c0_0 .net "opcode", 6 0, L_0x555590f139b0;  1 drivers
E_0x555590ee1750 .event anyedge, v0x555590efc8c0_0;
S_0x555590efcaf0 .scope module, "dmem" "DataMemory" 3 118, 9 3 0, S_0x555590e97c90;
 .timescale -9 -12;
    .port_info 0 /INPUT 1 "clk";
    .port_info 1 /INPUT 1 "MemWrite";
    .port_info 2 /INPUT 32 "address";
    .port_info 3 /INPUT 32 "write_data";
    .port_info 4 /OUTPUT 32 "read_data";
L_0x555590f157b0 .functor BUFZ 32, L_0x555590f15530, C4<00000000000000000000000000000000>, C4<00000000000000000000000000000000>, C4<00000000000000000000000000000000>;
v0x555590efcd70_0 .net "MemWrite", 0 0, v0x555590efc650_0;  alias, 1 drivers
v0x555590efce60_0 .net *"_ivl_0", 31 0, L_0x555590f15530;  1 drivers
v0x555590efcf20_0 .net *"_ivl_3", 8 0, L_0x555590f155d0;  1 drivers
v0x555590efd010_0 .net *"_ivl_4", 10 0, L_0x555590f15670;  1 drivers
L_0x7934e3786378 .functor BUFT 1, C4<00>, C4<0>, C4<0>, C4<0>;
v0x555590efd0f0_0 .net *"_ivl_7", 1 0, L_0x7934e3786378;  1 drivers
v0x555590efd220_0 .net "address", 31 0, L_0x555590f14f60;  alias, 1 drivers
v0x555590efd2e0_0 .net "clk", 0 0, v0x555590f03370_0;  alias, 1 drivers
v0x555590efd380 .array "mem", 511 0, 31 0;
v0x555590efd440_0 .net "read_data", 31 0, L_0x555590f157b0;  alias, 1 drivers
v0x555590efd5b0_0 .net "write_data", 31 0, L_0x555590f147c0;  alias, 1 drivers
E_0x555590ee1790 .event posedge, v0x555590efd2e0_0;
L_0x555590f15530 .array/port v0x555590efd380, L_0x555590f15670;
L_0x555590f155d0 .part L_0x555590f14f60, 0, 9;
L_0x555590f15670 .concat [ 9 2 0 0], L_0x555590f155d0, L_0x7934e3786378;
S_0x555590efd750 .scope module, "ig" "immGen" 3 75, 10 1 0, S_0x555590e97c90;
 .timescale -9 -12;
    .port_info 0 /INPUT 32 "instr";
    .port_info 1 /OUTPUT 32 "imm";
v0x555590efd9d0_0 .var "imm", 31 0;
v0x555590efdb00_0 .net "instr", 31 0, L_0x555590ee19a0;  alias, 1 drivers
v0x555590efdbe0_0 .net "opcode", 6 0, L_0x555590f14b80;  1 drivers
E_0x555590efd950 .event anyedge, v0x555590efdbe0_0, v0x555590efdb00_0;
L_0x555590f14b80 .part L_0x555590ee19a0, 0, 7;
S_0x555590efdd00 .scope module, "imem" "InstructionMemory" 3 44, 11 1 0, S_0x555590e97c90;
 .timescale -9 -12;
    .port_info 0 /INPUT 32 "address";
    .port_info 1 /OUTPUT 32 "instruction";
L_0x555590ee19a0 .functor BUFZ 32, L_0x555590f13690, C4<00000000000000000000000000000000>, C4<00000000000000000000000000000000>, C4<00000000000000000000000000000000>;
v0x555590efdf30_0 .net *"_ivl_0", 31 0, L_0x555590f13690;  1 drivers
v0x555590efe030_0 .net *"_ivl_3", 7 0, L_0x555590f13730;  1 drivers
v0x555590efe110_0 .net *"_ivl_4", 9 0, L_0x555590f137d0;  1 drivers
L_0x7934e3786060 .functor BUFT 1, C4<00>, C4<0>, C4<0>, C4<0>;
v0x555590efe1d0_0 .net *"_ivl_7", 1 0, L_0x7934e3786060;  1 drivers
v0x555590efe2b0_0 .net "address", 31 0, v0x555590eff680_0;  alias, 1 drivers
v0x555590efe3c0_0 .net "instruction", 31 0, L_0x555590ee19a0;  alias, 1 drivers
v0x555590efe490 .array "mem", 255 0, 31 0;
L_0x555590f13690 .array/port v0x555590efe490, L_0x555590f137d0;
L_0x555590f13730 .part v0x555590eff680_0, 2, 8;
L_0x555590f137d0 .concat [ 8 2 0 0], L_0x555590f13730, L_0x7934e3786060;
S_0x555590efe590 .scope module, "pc_add" "pcAdder" 3 39, 12 1 0, S_0x555590e97c90;
 .timescale -9 -12;
    .port_info 0 /INPUT 32 "pc";
    .port_info 1 /OUTPUT 32 "pc_next_seq";
L_0x7934e3786018 .functor BUFT 1, C4<00000000000000000000000000000100>, C4<0>, C4<0>, C4<0>;
v0x555590efe800_0 .net/2u *"_ivl_0", 31 0, L_0x7934e3786018;  1 drivers
v0x555590efe900_0 .net "pc", 31 0, v0x555590eff680_0;  alias, 1 drivers
v0x555590efea10_0 .net "pc_next_seq", 31 0, L_0x555590f135a0;  alias, 1 drivers
L_0x555590f135a0 .arith/sum 32, v0x555590eff680_0, L_0x7934e3786018;
S_0x555590efeb30 .scope module, "pc_mux" "mux2" 3 87, 6 1 0, S_0x555590e97c90;
 .timescale -9 -12;
    .port_info 0 /INPUT 32 "in0";
    .port_info 1 /INPUT 32 "in1";
    .port_info 2 /INPUT 1 "sel";
    .port_info 3 /OUTPUT 32 "out";
P_0x555590efed10 .param/l "WIDTH" 0 6 1, +C4<00000000000000000000000000100000>;
v0x555590efeea0_0 .net "in0", 31 0, L_0x555590f135a0;  alias, 1 drivers
v0x555590efef90_0 .net "in1", 31 0, L_0x555590f14ec0;  alias, 1 drivers
v0x555590eff060_0 .net "out", 31 0, L_0x555590f15020;  alias, 1 drivers
v0x555590eff130_0 .net "sel", 0 0, L_0x555590ee1930;  alias, 1 drivers
L_0x555590f15020 .functor MUXZ 32, L_0x555590f135a0, L_0x555590f14ec0, L_0x555590ee1930, C4<>;
S_0x555590eff2a0 .scope module, "pc_reg" "ProgramCounter" 3 32, 13 1 0, S_0x555590e97c90;
 .timescale -9 -12;
    .port_info 0 /INPUT 1 "clk";
    .port_info 1 /INPUT 1 "reset";
    .port_info 2 /INPUT 32 "pc_next";
    .port_info 3 /OUTPUT 32 "pc";
v0x555590eff590_0 .net "clk", 0 0, v0x555590f03370_0;  alias, 1 drivers
v0x555590eff680_0 .var "pc", 31 0;
v0x555590eff720_0 .net "pc_next", 31 0, L_0x555590f15020;  alias, 1 drivers
v0x555590eff820_0 .net "reset", 0 0, v0x555590f03410_0;  alias, 1 drivers
E_0x555590eff510 .event posedge, v0x555590eff820_0, v0x555590efd2e0_0;
S_0x555590eff970 .scope module, "rf" "RegisterFile" 3 62, 14 1 0, S_0x555590e97c90;
 .timescale -9 -12;
    .port_info 0 /INPUT 1 "clk";
    .port_info 1 /INPUT 1 "rst";
    .port_info 2 /INPUT 1 "WriteEnable";
    .port_info 3 /INPUT 5 "rs1";
    .port_info 4 /INPUT 5 "rs2";
    .port_info 5 /INPUT 5 "rd";
    .port_info 6 /INPUT 32 "WriteData";
    .port_info 7 /OUTPUT 32 "ReadData1";
    .port_info 8 /OUTPUT 32 "ReadData2";
L_0x555590f13cc0 .functor OR 1, v0x555590f03410_0, L_0x555590f13b80, C4<0>, C4<0>;
L_0x555590f14440 .functor OR 1, v0x555590f03410_0, L_0x555590f14300, C4<0>, C4<0>;
v0x555590effba0_0 .net "ReadData1", 31 0, L_0x555590f14040;  alias, 1 drivers
v0x555590effc80_0 .net "ReadData2", 31 0, L_0x555590f147c0;  alias, 1 drivers
v0x555590effd70_0 .net "WriteData", 31 0, L_0x555590f15870;  alias, 1 drivers
v0x555590effe30_0 .net "WriteEnable", 0 0, v0x555590efc800_0;  alias, 1 drivers
v0x555590efff00_0 .net *"_ivl_0", 31 0, L_0x555590f13ae0;  1 drivers
L_0x7934e3786138 .functor BUFT 1, C4<00000000000000000000000000000000>, C4<0>, C4<0>, C4<0>;
v0x555590f00010_0 .net/2u *"_ivl_10", 31 0, L_0x7934e3786138;  1 drivers
v0x555590f000f0_0 .net *"_ivl_12", 31 0, L_0x555590f13e10;  1 drivers
v0x555590f001d0_0 .net *"_ivl_14", 6 0, L_0x555590f13eb0;  1 drivers
L_0x7934e3786180 .functor BUFT 1, C4<00>, C4<0>, C4<0>, C4<0>;
v0x555590f002b0_0 .net *"_ivl_17", 1 0, L_0x7934e3786180;  1 drivers
v0x555590f00420_0 .net *"_ivl_20", 31 0, L_0x555590f141d0;  1 drivers
L_0x7934e37861c8 .functor BUFT 1, C4<000000000000000000000000000>, C4<0>, C4<0>, C4<0>;
v0x555590f00500_0 .net *"_ivl_23", 26 0, L_0x7934e37861c8;  1 drivers
L_0x7934e3786210 .functor BUFT 1, C4<00000000000000000000000000000000>, C4<0>, C4<0>, C4<0>;
v0x555590f005e0_0 .net/2u *"_ivl_24", 31 0, L_0x7934e3786210;  1 drivers
v0x555590f006c0_0 .net *"_ivl_26", 0 0, L_0x555590f14300;  1 drivers
v0x555590f00780_0 .net *"_ivl_29", 0 0, L_0x555590f14440;  1 drivers
L_0x7934e37860a8 .functor BUFT 1, C4<000000000000000000000000000>, C4<0>, C4<0>, C4<0>;
v0x555590f00840_0 .net *"_ivl_3", 26 0, L_0x7934e37860a8;  1 drivers
L_0x7934e3786258 .functor BUFT 1, C4<00000000000000000000000000000000>, C4<0>, C4<0>, C4<0>;
v0x555590f00920_0 .net/2u *"_ivl_30", 31 0, L_0x7934e3786258;  1 drivers
v0x555590f00a00_0 .net *"_ivl_32", 31 0, L_0x555590f14590;  1 drivers
v0x555590f00ae0_0 .net *"_ivl_34", 6 0, L_0x555590f14680;  1 drivers
L_0x7934e37862a0 .functor BUFT 1, C4<00>, C4<0>, C4<0>, C4<0>;
v0x555590f00bc0_0 .net *"_ivl_37", 1 0, L_0x7934e37862a0;  1 drivers
L_0x7934e37860f0 .functor BUFT 1, C4<00000000000000000000000000000000>, C4<0>, C4<0>, C4<0>;
v0x555590f00ca0_0 .net/2u *"_ivl_4", 31 0, L_0x7934e37860f0;  1 drivers
v0x555590f00d80_0 .net *"_ivl_6", 0 0, L_0x555590f13b80;  1 drivers
v0x555590f00e40_0 .net *"_ivl_9", 0 0, L_0x555590f13cc0;  1 drivers
v0x555590f00f00_0 .net "clk", 0 0, v0x555590f03370_0;  alias, 1 drivers
v0x555590f00fa0_0 .var/i "i", 31 0;
v0x555590f01080_0 .net "rd", 4 0, L_0x555590f14ae0;  1 drivers
v0x555590f01160 .array "regs", 0 31, 31 0;
v0x555590f01220_0 .net "rs1", 4 0, L_0x555590f149a0;  1 drivers
v0x555590f01300_0 .net "rs2", 4 0, L_0x555590f14a40;  1 drivers
v0x555590f013e0_0 .net "rst", 0 0, v0x555590f03410_0;  alias, 1 drivers
L_0x555590f13ae0 .concat [ 5 27 0 0], L_0x555590f149a0, L_0x7934e37860a8;
L_0x555590f13b80 .cmp/eq 32, L_0x555590f13ae0, L_0x7934e37860f0;
L_0x555590f13e10 .array/port v0x555590f01160, L_0x555590f13eb0;
L_0x555590f13eb0 .concat [ 5 2 0 0], L_0x555590f149a0, L_0x7934e3786180;
L_0x555590f14040 .functor MUXZ 32, L_0x555590f13e10, L_0x7934e3786138, L_0x555590f13cc0, C4<>;
L_0x555590f141d0 .concat [ 5 27 0 0], L_0x555590f14a40, L_0x7934e37861c8;
L_0x555590f14300 .cmp/eq 32, L_0x555590f141d0, L_0x7934e3786210;
L_0x555590f14590 .array/port v0x555590f01160, L_0x555590f14680;
L_0x555590f14680 .concat [ 5 2 0 0], L_0x555590f14a40, L_0x7934e37862a0;
L_0x555590f147c0 .functor MUXZ 32, L_0x555590f14590, L_0x7934e3786258, L_0x555590f14440, C4<>;
S_0x555590f015d0 .scope module, "wb_mux" "mux2" 3 127, 6 1 0, S_0x555590e97c90;
 .timescale -9 -12;
    .port_info 0 /INPUT 32 "in0";
    .port_info 1 /INPUT 32 "in1";
    .port_info 2 /INPUT 1 "sel";
    .port_info 3 /OUTPUT 32 "out";
P_0x555590f01760 .param/l "WIDTH" 0 6 1, +C4<00000000000000000000000000100000>;
v0x555590f01830_0 .net "in0", 31 0, L_0x555590f14f60;  alias, 1 drivers
v0x555590f01960_0 .net "in1", 31 0, L_0x555590f157b0;  alias, 1 drivers
v0x555590f01a20_0 .net "out", 31 0, L_0x555590f15870;  alias, 1 drivers
v0x555590f01b20_0 .net "sel", 0 0, v0x555590efc740_0;  alias, 1 drivers
L_0x555590f15870 .functor MUXZ 32, L_0x555590f14f60, L_0x555590f157b0, v0x555590efc740_0, C4<>;
    .scope S_0x555590eff2a0;
T_0 ;
    %wait E_0x555590eff510;
    %load/vec4 v0x555590eff820_0;
    %flag_set/vec4 8;
    %jmp/0xz  T_0.0, 8;
    %pushi/vec4 0, 0, 32;
    %assign/vec4 v0x555590eff680_0, 0;
    %jmp T_0.1;
T_0.0 ;
    %load/vec4 v0x555590eff720_0;
    %assign/vec4 v0x555590eff680_0, 0;
T_0.1 ;
    %jmp T_0;
    .thread T_0;
    .scope S_0x555590efdd00;
T_1 ;
    %pushi/vec4 10485907, 0, 32;
    %ix/load 4, 0, 0;
    %flag_set/imm 4, 0;
    %store/vec4a v0x555590efe490, 4, 0;
    %pushi/vec4 5243155, 0, 32;
    %ix/load 4, 1, 0;
    %flag_set/imm 4, 0;
    %store/vec4a v0x555590efe490, 4, 0;
    %pushi/vec4 2130355, 0, 32;
    %ix/load 4, 2, 0;
    %flag_set/imm 4, 0;
    %store/vec4a v0x555590efe490, 4, 0;
    %pushi/vec4 3153955, 0, 32;
    %ix/load 4, 3, 0;
    %flag_set/imm 4, 0;
    %store/vec4a v0x555590efe490, 4, 0;
    %pushi/vec4 4262498019, 0, 32;
    %ix/load 4, 4, 0;
    %flag_set/imm 4, 0;
    %store/vec4a v0x555590efe490, 4, 0;
    %end;
    .thread T_1;
    .scope S_0x555590efc0c0;
T_2 ;
    %wait E_0x555590ee1750;
    %pushi/vec4 0, 0, 1;
    %store/vec4 v0x555590efc800_0, 0, 1;
    %pushi/vec4 0, 0, 2;
    %store/vec4 v0x555590efc360_0, 0, 2;
    %pushi/vec4 0, 0, 1;
    %store/vec4 v0x555590efc5b0_0, 0, 1;
    %pushi/vec4 0, 0, 1;
    %store/vec4 v0x555590efc650_0, 0, 1;
    %pushi/vec4 0, 0, 1;
    %store/vec4 v0x555590efc440_0, 0, 1;
    %pushi/vec4 0, 0, 1;
    %store/vec4 v0x555590efc740_0, 0, 1;
    %pushi/vec4 0, 0, 1;
    %store/vec4 v0x555590efc4e0_0, 0, 1;
    %load/vec4 v0x555590efc8c0_0;
    %dup/vec4;
    %pushi/vec4 51, 0, 7;
    %cmp/u;
    %jmp/1 T_2.0, 6;
    %dup/vec4;
    %pushi/vec4 3, 0, 7;
    %cmp/u;
    %jmp/1 T_2.1, 6;
    %dup/vec4;
    %pushi/vec4 35, 0, 7;
    %cmp/u;
    %jmp/1 T_2.2, 6;
    %dup/vec4;
    %pushi/vec4 99, 0, 7;
    %cmp/u;
    %jmp/1 T_2.3, 6;
    %dup/vec4;
    %pushi/vec4 19, 0, 7;
    %cmp/u;
    %jmp/1 T_2.4, 6;
    %jmp T_2.6;
T_2.0 ;
    %pushi/vec4 1, 0, 1;
    %store/vec4 v0x555590efc800_0, 0, 1;
    %pushi/vec4 2, 0, 2;
    %store/vec4 v0x555590efc360_0, 0, 2;
    %jmp T_2.6;
T_2.1 ;
    %pushi/vec4 1, 0, 1;
    %store/vec4 v0x555590efc800_0, 0, 1;
    %pushi/vec4 0, 0, 2;
    %store/vec4 v0x555590efc360_0, 0, 2;
    %pushi/vec4 1, 0, 1;
    %store/vec4 v0x555590efc440_0, 0, 1;
    %pushi/vec4 1, 0, 1;
    %store/vec4 v0x555590efc5b0_0, 0, 1;
    %pushi/vec4 1, 0, 1;
    %store/vec4 v0x555590efc740_0, 0, 1;
    %jmp T_2.6;
T_2.2 ;
    %pushi/vec4 0, 0, 2;
    %store/vec4 v0x555590efc360_0, 0, 2;
    %pushi/vec4 1, 0, 1;
    %store/vec4 v0x555590efc440_0, 0, 1;
    %pushi/vec4 1, 0, 1;
    %store/vec4 v0x555590efc650_0, 0, 1;
    %jmp T_2.6;
T_2.3 ;
    %pushi/vec4 1, 0, 2;
    %store/vec4 v0x555590efc360_0, 0, 2;
    %pushi/vec4 1, 0, 1;
    %store/vec4 v0x555590efc4e0_0, 0, 1;
    %jmp T_2.6;
T_2.4 ;
    %pushi/vec4 1, 0, 1;
    %store/vec4 v0x555590efc800_0, 0, 1;
    %pushi/vec4 2, 0, 2;
    %store/vec4 v0x555590efc360_0, 0, 2;
    %pushi/vec4 1, 0, 1;
    %store/vec4 v0x555590efc440_0, 0, 1;
    %jmp T_2.6;
T_2.6 ;
    %pop/vec4 1;
    %jmp T_2;
    .thread T_2, $push;
    .scope S_0x555590eff970;
T_3 ;
    %wait E_0x555590eff510;
    %load/vec4 v0x555590f013e0_0;
    %flag_set/vec4 8;
    %jmp/0xz  T_3.0, 8;
    %pushi/vec4 0, 0, 32;
    %store/vec4 v0x555590f00fa0_0, 0, 32;
T_3.2 ; Top of for-loop
    %load/vec4 v0x555590f00fa0_0;
    %cmpi/s 32, 0, 32;
	  %jmp/0xz T_3.3, 5;
    %pushi/vec4 0, 0, 32;
    %ix/getv/s 3, v0x555590f00fa0_0;
    %ix/load 4, 0, 0; Constant delay
    %assign/vec4/a/d v0x555590f01160, 0, 4;
T_3.4 ; for-loop step statement
    %load/vec4 v0x555590f00fa0_0;
    %addi 1, 0, 32;
    %store/vec4 v0x555590f00fa0_0, 0, 32;
    %jmp T_3.2;
T_3.3 ; for-loop exit label
    %jmp T_3.1;
T_3.0 ;
    %load/vec4 v0x555590effe30_0;
    %flag_set/vec4 9;
    %flag_get/vec4 9;
    %jmp/0 T_3.7, 9;
    %load/vec4 v0x555590f01080_0;
    %pad/u 32;
    %pushi/vec4 0, 0, 32;
    %cmp/ne;
    %flag_get/vec4 4;
    %and;
T_3.7;
    %flag_set/vec4 8;
    %jmp/0xz  T_3.5, 8;
    %load/vec4 v0x555590effd70_0;
    %load/vec4 v0x555590f01080_0;
    %pad/u 7;
    %ix/vec4 3;
    %ix/load 4, 0, 0; Constant delay
    %assign/vec4/a/d v0x555590f01160, 0, 4;
T_3.5 ;
T_3.1 ;
    %jmp T_3;
    .thread T_3;
    .scope S_0x555590efd750;
T_4 ;
    %wait E_0x555590efd950;
    %load/vec4 v0x555590efdbe0_0;
    %dup/vec4;
    %pushi/vec4 19, 0, 7;
    %cmp/u;
    %jmp/1 T_4.0, 6;
    %dup/vec4;
    %pushi/vec4 3, 0, 7;
    %cmp/u;
    %jmp/1 T_4.1, 6;
    %dup/vec4;
    %pushi/vec4 35, 0, 7;
    %cmp/u;
    %jmp/1 T_4.2, 6;
    %dup/vec4;
    %pushi/vec4 99, 0, 7;
    %cmp/u;
    %jmp/1 T_4.3, 6;
    %dup/vec4;
    %pushi/vec4 111, 0, 7;
    %cmp/u;
    %jmp/1 T_4.4, 6;
    %dup/vec4;
    %pushi/vec4 55, 0, 7;
    %cmp/u;
    %jmp/1 T_4.5, 6;
    %dup/vec4;
    %pushi/vec4 23, 0, 7;
    %cmp/u;
    %jmp/1 T_4.6, 6;
    %pushi/vec4 0, 0, 32;
    %store/vec4 v0x555590efd9d0_0, 0, 32;
    %jmp T_4.8;
T_4.0 ;
    %load/vec4 v0x555590efdb00_0;
    %parti/s 1, 31, 6;
    %replicate 20;
    %load/vec4 v0x555590efdb00_0;
    %parti/s 12, 20, 6;
    %concat/vec4; draw_concat_vec4
    %store/vec4 v0x555590efd9d0_0, 0, 32;
    %jmp T_4.8;
T_4.1 ;
    %load/vec4 v0x555590efdb00_0;
    %parti/s 1, 31, 6;
    %replicate 20;
    %load/vec4 v0x555590efdb00_0;
    %parti/s 12, 20, 6;
    %concat/vec4; draw_concat_vec4
    %store/vec4 v0x555590efd9d0_0, 0, 32;
    %jmp T_4.8;
T_4.2 ;
    %load/vec4 v0x555590efdb00_0;
    %parti/s 1, 31, 6;
    %replicate 20;
    %load/vec4 v0x555590efdb00_0;
    %parti/s 7, 25, 6;
    %concat/vec4; draw_concat_vec4
    %load/vec4 v0x555590efdb00_0;
    %parti/s 5, 7, 4;
    %concat/vec4; draw_concat_vec4
    %store/vec4 v0x555590efd9d0_0, 0, 32;
    %jmp T_4.8;
T_4.3 ;
    %load/vec4 v0x555590efdb00_0;
    %parti/s 1, 31, 6;
    %replicate 20;
    %load/vec4 v0x555590efdb00_0;
    %parti/s 1, 31, 6;
    %concat/vec4; draw_concat_vec4
    %load/vec4 v0x555590efdb00_0;
    %parti/s 1, 7, 4;
    %concat/vec4; draw_concat_vec4
    %load/vec4 v0x555590efdb00_0;
    %parti/s 6, 25, 6;
    %concat/vec4; draw_concat_vec4
    %load/vec4 v0x555590efdb00_0;
    %parti/s 4, 8, 5;
    %concat/vec4; draw_concat_vec4
    %store/vec4 v0x555590efd9d0_0, 0, 32;
    %jmp T_4.8;
T_4.4 ;
    %load/vec4 v0x555590efdb00_0;
    %parti/s 1, 31, 6;
    %replicate 12;
    %load/vec4 v0x555590efdb00_0;
    %parti/s 1, 31, 6;
    %concat/vec4; draw_concat_vec4
    %load/vec4 v0x555590efdb00_0;
    %parti/s 8, 12, 5;
    %concat/vec4; draw_concat_vec4
    %load/vec4 v0x555590efdb00_0;
    %parti/s 1, 20, 6;
    %concat/vec4; draw_concat_vec4
    %load/vec4 v0x555590efdb00_0;
    %parti/s 10, 21, 6;
    %concat/vec4; draw_concat_vec4
    %store/vec4 v0x555590efd9d0_0, 0, 32;
    %jmp T_4.8;
T_4.5 ;
    %load/vec4 v0x555590efdb00_0;
    %parti/s 20, 12, 5;
    %concati/vec4 0, 0, 12;
    %store/vec4 v0x555590efd9d0_0, 0, 32;
    %jmp T_4.8;
T_4.6 ;
    %load/vec4 v0x555590efdb00_0;
    %parti/s 20, 12, 5;
    %concati/vec4 0, 0, 12;
    %store/vec4 v0x555590efd9d0_0, 0, 32;
    %jmp T_4.8;
T_4.8 ;
    %pop/vec4 1;
    %jmp T_4;
    .thread T_4, $push;
    .scope S_0x555590ed3580;
T_5 ;
    %wait E_0x555590ec60c0;
    %pushi/vec4 0, 0, 4;
    %store/vec4 v0x555590ea1c60_0, 0, 4;
    %load/vec4 v0x555590e9e2b0_0;
    %dup/vec4;
    %pushi/vec4 0, 0, 2;
    %cmp/u;
    %jmp/1 T_5.0, 6;
    %dup/vec4;
    %pushi/vec4 1, 0, 2;
    %cmp/u;
    %jmp/1 T_5.1, 6;
    %dup/vec4;
    %pushi/vec4 2, 0, 2;
    %cmp/u;
    %jmp/1 T_5.2, 6;
    %pushi/vec4 0, 0, 4;
    %store/vec4 v0x555590ea1c60_0, 0, 4;
    %jmp T_5.4;
T_5.0 ;
    %pushi/vec4 2, 0, 4;
    %store/vec4 v0x555590ea1c60_0, 0, 4;
    %jmp T_5.4;
T_5.1 ;
    %pushi/vec4 6, 0, 4;
    %store/vec4 v0x555590ea1c60_0, 0, 4;
    %jmp T_5.4;
T_5.2 ;
    %load/vec4 v0x555590ed47b0_0;
    %dup/vec4;
    %pushi/vec4 0, 0, 3;
    %cmp/u;
    %jmp/1 T_5.5, 6;
    %dup/vec4;
    %pushi/vec4 7, 0, 3;
    %cmp/u;
    %jmp/1 T_5.6, 6;
    %dup/vec4;
    %pushi/vec4 6, 0, 3;
    %cmp/u;
    %jmp/1 T_5.7, 6;
    %pushi/vec4 0, 0, 4;
    %store/vec4 v0x555590ea1c60_0, 0, 4;
    %jmp T_5.9;
T_5.5 ;
    %load/vec4 v0x555590ed4850_0;
    %parti/s 1, 5, 4;
    %cmpi/e 1, 0, 1;
    %jmp/0xz  T_5.10, 4;
    %pushi/vec4 6, 0, 4;
    %store/vec4 v0x555590ea1c60_0, 0, 4;
    %jmp T_5.11;
T_5.10 ;
    %pushi/vec4 2, 0, 4;
    %store/vec4 v0x555590ea1c60_0, 0, 4;
T_5.11 ;
    %jmp T_5.9;
T_5.6 ;
    %pushi/vec4 0, 0, 4;
    %store/vec4 v0x555590ea1c60_0, 0, 4;
    %jmp T_5.9;
T_5.7 ;
    %pushi/vec4 1, 0, 4;
    %store/vec4 v0x555590ea1c60_0, 0, 4;
    %jmp T_5.9;
T_5.9 ;
    %pop/vec4 1;
    %jmp T_5.4;
T_5.4 ;
    %pop/vec4 1;
    %jmp T_5;
    .thread T_5, $push;
    .scope S_0x555590efa8b0;
T_6 ;
    %wait E_0x555590e87eb0;
    %load/vec4 v0x555590efac80_0;
    %dup/vec4;
    %pushi/vec4 0, 0, 4;
    %cmp/u;
    %jmp/1 T_6.0, 6;
    %dup/vec4;
    %pushi/vec4 1, 0, 4;
    %cmp/u;
    %jmp/1 T_6.1, 6;
    %dup/vec4;
    %pushi/vec4 2, 0, 4;
    %cmp/u;
    %jmp/1 T_6.2, 6;
    %dup/vec4;
    %pushi/vec4 3, 0, 4;
    %cmp/u;
    %jmp/1 T_6.3, 6;
    %dup/vec4;
    %pushi/vec4 4, 0, 4;
    %cmp/u;
    %jmp/1 T_6.4, 6;
    %dup/vec4;
    %pushi/vec4 5, 0, 4;
    %cmp/u;
    %jmp/1 T_6.5, 6;
    %dup/vec4;
    %pushi/vec4 6, 0, 4;
    %cmp/u;
    %jmp/1 T_6.6, 6;
    %dup/vec4;
    %pushi/vec4 7, 0, 4;
    %cmp/u;
    %jmp/1 T_6.7, 6;
    %dup/vec4;
    %pushi/vec4 8, 0, 4;
    %cmp/u;
    %jmp/1 T_6.8, 6;
    %dup/vec4;
    %pushi/vec4 9, 0, 4;
    %cmp/u;
    %jmp/1 T_6.9, 6;
    %pushi/vec4 0, 0, 32;
    %store/vec4 v0x555590efb0b0_0, 0, 32;
    %jmp T_6.11;
T_6.0 ;
    %load/vec4 v0x555590efab80_0;
    %load/vec4 v0x555590efade0_0;
    %add;
    %store/vec4 v0x555590efb0b0_0, 0, 32;
    %jmp T_6.11;
T_6.1 ;
    %load/vec4 v0x555590efab80_0;
    %load/vec4 v0x555590efade0_0;
    %sub;
    %store/vec4 v0x555590efb0b0_0, 0, 32;
    %jmp T_6.11;
T_6.2 ;
    %load/vec4 v0x555590efab80_0;
    %load/vec4 v0x555590efade0_0;
    %and;
    %store/vec4 v0x555590efb0b0_0, 0, 32;
    %jmp T_6.11;
T_6.3 ;
    %load/vec4 v0x555590efab80_0;
    %load/vec4 v0x555590efade0_0;
    %or;
    %store/vec4 v0x555590efb0b0_0, 0, 32;
    %jmp T_6.11;
T_6.4 ;
    %load/vec4 v0x555590efab80_0;
    %load/vec4 v0x555590efade0_0;
    %xor;
    %store/vec4 v0x555590efb0b0_0, 0, 32;
    %jmp T_6.11;
T_6.5 ;
    %load/vec4 v0x555590efab80_0;
    %load/vec4 v0x555590efade0_0;
    %parti/s 5, 0, 2;
    %ix/vec4 4;
    %shiftl 4;
    %store/vec4 v0x555590efb0b0_0, 0, 32;
    %jmp T_6.11;
T_6.6 ;
    %load/vec4 v0x555590efab80_0;
    %load/vec4 v0x555590efade0_0;
    %parti/s 5, 0, 2;
    %ix/vec4 4;
    %shiftr 4;
    %store/vec4 v0x555590efb0b0_0, 0, 32;
    %jmp T_6.11;
T_6.7 ;
    %load/vec4 v0x555590efab80_0;
    %load/vec4 v0x555590efade0_0;
    %parti/s 5, 0, 2;
    %ix/vec4 4;
    %shiftr/s 4;
    %store/vec4 v0x555590efb0b0_0, 0, 32;
    %jmp T_6.11;
T_6.8 ;
    %load/vec4 v0x555590efab80_0;
    %load/vec4 v0x555590efade0_0;
    %cmp/s;
    %flag_mov 8, 5;
    %jmp/0 T_6.12, 8;
    %pushi/vec4 1, 0, 32;
    %jmp/1 T_6.13, 8;
T_6.12 ; End of true expr.
    %pushi/vec4 0, 0, 32;
    %jmp/0 T_6.13, 8;
 ; End of false expr.
    %blend;
T_6.13;
    %store/vec4 v0x555590efb0b0_0, 0, 32;
    %jmp T_6.11;
T_6.9 ;
    %load/vec4 v0x555590efab80_0;
    %load/vec4 v0x555590efade0_0;
    %cmp/u;
    %flag_mov 8, 5;
    %jmp/0 T_6.14, 8;
    %pushi/vec4 1, 0, 32;
    %jmp/1 T_6.15, 8;
T_6.14 ; End of true expr.
    %pushi/vec4 0, 0, 32;
    %jmp/0 T_6.15, 8;
 ; End of false expr.
    %blend;
T_6.15;
    %store/vec4 v0x555590efb0b0_0, 0, 32;
    %jmp T_6.11;
T_6.11 ;
    %pop/vec4 1;
    %jmp T_6;
    .thread T_6, $push;
    .scope S_0x555590efcaf0;
T_7 ;
    %wait E_0x555590ee1790;
    %load/vec4 v0x555590efcd70_0;
    %flag_set/vec4 8;
    %jmp/0xz  T_7.0, 8;
    %load/vec4 v0x555590efd5b0_0;
    %load/vec4 v0x555590efd220_0;
    %parti/s 9, 0, 2;
    %pad/u 11;
    %ix/vec4 3;
    %ix/load 4, 0, 0; Constant delay
    %assign/vec4/a/d v0x555590efd380, 0, 4;
T_7.0 ;
    %jmp T_7;
    .thread T_7;
    .scope S_0x555590ed5510;
T_8 ;
    %delay 5000, 0;
    %load/vec4 v0x555590f03370_0;
    %inv;
    %store/vec4 v0x555590f03370_0, 0, 1;
    %jmp T_8;
    .thread T_8;
    .scope S_0x555590ed5510;
T_9 ;
    %vpi_call 2 15 "$dumpfile", "top.vcd" {0 0 0};
    %vpi_call 2 16 "$dumpvars", 32'sb00000000000000000000000000000000, S_0x555590ed5510 {0 0 0};
    %pushi/vec4 0, 0, 1;
    %store/vec4 v0x555590f03370_0, 0, 1;
    %pushi/vec4 1, 0, 1;
    %store/vec4 v0x555590f03410_0, 0, 1;
    %delay 15000, 0;
    %pushi/vec4 0, 0, 1;
    %store/vec4 v0x555590f03410_0, 0, 1;
    %delay 100000, 0;
    %vpi_call 2 26 "$display", "Execution complete. Inspect top.vcd for waveforms." {0 0 0};
    %vpi_call 2 27 "$finish" {0 0 0};
    %end;
    .thread T_9;
# The file index is used to find the file name in the following table.
:file_names 15;
    "N/A";
    "<interactive>";
    "tb_top.v";
    "TopLevelProcessor.v";
    "alu_control.v";
    "ALU.v";
    "mux2.v";
    "branchAdder.v";
    "main_control.v";
    "DataMemory.v";
    "immGen.v";
    "InstructionMemory.v";
    "pcAdder.v";
    "ProgramCounter.v";
    "RegisterFile.v";
