
*** Running vivado
    with args -log TopLevelProcessor.vds -m64 -product Vivado -mode batch -messageDb vivado.pb -notrace -source TopLevelProcessor.tcl



****** Vivado v2020.1 (64-bit)
  **** SW Build 2902540 on Wed May 27 19:54:49 MDT 2020
  **** IP Build 2902112 on Wed May 27 22:43:36 MDT 2020
    ** Copyright 1986-2020 Xilinx, Inc. All Rights Reserved.

source TopLevelProcessor.tcl -notrace
Command: synth_design -top TopLevelProcessor -part xc7a35tcpg236-1
Starting synth_design
Attempting to get a license for feature 'Synthesis' and/or device 'xc7a35t'
INFO: [Common 17-349] Got license for feature 'Synthesis' and/or device 'xc7a35t'
INFO: [Device 21-403] Loading part xc7a35tcpg236-1
INFO: [Synth 8-7079] Multithreading enabled for synth_design using a maximum of 2 processes.
INFO: [Synth 8-7078] Launching helper process for spawning children vivado processes
INFO: [Synth 8-7075] Helper process launched with PID 12792
WARNING: [Synth 8-2292] literal value truncated to fit in 7 bits [C:/Users/Muhammad Murtaza/Desktop/unis shit/sem 4/CA/CA-labs-mm09736-spring-26-/vivado files/project_1.srcs/sources_1/new/seven_segment_display.v:84]
---------------------------------------------------------------------------------
Starting RTL Elaboration : Time (s): cpu = 00:00:05 ; elapsed = 00:00:07 . Memory (MB): peak = 1028.168 ; gain = 0.000
---------------------------------------------------------------------------------
INFO: [Synth 8-6157] synthesizing module 'TopLevelProcessor' [C:/Users/Muhammad Murtaza/Desktop/unis shit/sem 4/CA/CA-labs-mm09736-spring-26-/vivado files/project_1.srcs/sources_1/new/top_lab11.v:2]
INFO: [Synth 8-6157] synthesizing module 'clk_div' [C:/Users/Muhammad Murtaza/Desktop/unis shit/sem 4/CA/CA-labs-mm09736-spring-26-/vivado files/project_1.srcs/sources_1/new/clk_div.v:3]
	Parameter div_value bound to: 12499999 - type: integer 
INFO: [Synth 8-6155] done synthesizing module 'clk_div' (1#1) [C:/Users/Muhammad Murtaza/Desktop/unis shit/sem 4/CA/CA-labs-mm09736-spring-26-/vivado files/project_1.srcs/sources_1/new/clk_div.v:3]
INFO: [Synth 8-6157] synthesizing module 'ProgramCounter' [C:/Users/Muhammad Murtaza/Desktop/unis shit/sem 4/CA/CA-labs-mm09736-spring-26-/vivado files/project_1.srcs/sources_1/new/ProgramCounter.v:2]
INFO: [Synth 8-6155] done synthesizing module 'ProgramCounter' (2#1) [C:/Users/Muhammad Murtaza/Desktop/unis shit/sem 4/CA/CA-labs-mm09736-spring-26-/vivado files/project_1.srcs/sources_1/new/ProgramCounter.v:2]
INFO: [Synth 8-6157] synthesizing module 'pcAdder' [C:/Users/Muhammad Murtaza/Desktop/unis shit/sem 4/CA/CA-labs-mm09736-spring-26-/vivado files/project_1.srcs/sources_1/new/pcAdder.v:3]
INFO: [Synth 8-6155] done synthesizing module 'pcAdder' (3#1) [C:/Users/Muhammad Murtaza/Desktop/unis shit/sem 4/CA/CA-labs-mm09736-spring-26-/vivado files/project_1.srcs/sources_1/new/pcAdder.v:3]
INFO: [Synth 8-6157] synthesizing module 'InstructionMemory' [C:/Users/Muhammad Murtaza/Desktop/unis shit/sem 4/CA/CA-labs-mm09736-spring-26-/vivado files/project_1.srcs/sources_1/new/InstructionMemory.v:3]
INFO: [Synth 8-3876] $readmem data file 'memoryfile2.mem' is read successfully [C:/Users/Muhammad Murtaza/Desktop/unis shit/sem 4/CA/CA-labs-mm09736-spring-26-/vivado files/project_1.srcs/sources_1/new/InstructionMemory.v:13]
INFO: [Synth 8-6155] done synthesizing module 'InstructionMemory' (4#1) [C:/Users/Muhammad Murtaza/Desktop/unis shit/sem 4/CA/CA-labs-mm09736-spring-26-/vivado files/project_1.srcs/sources_1/new/InstructionMemory.v:3]
INFO: [Synth 8-6157] synthesizing module 'immGen' [C:/Users/Muhammad Murtaza/Desktop/unis shit/sem 4/CA/CA-labs-mm09736-spring-26-/vivado files/project_1.srcs/sources_1/new/immGen.v:28]
INFO: [Synth 8-6155] done synthesizing module 'immGen' (5#1) [C:/Users/Muhammad Murtaza/Desktop/unis shit/sem 4/CA/CA-labs-mm09736-spring-26-/vivado files/project_1.srcs/sources_1/new/immGen.v:28]
INFO: [Synth 8-6157] synthesizing module 'MainControl' [C:/Users/Muhammad Murtaza/Desktop/unis shit/sem 4/CA/CA-labs-mm09736-spring-26-/vivado files/project_1.srcs/sources_1/new/control unit.v:99]
	Parameter R_TYPE bound to: 7'b0110011 
	Parameter I_TYPE bound to: 7'b0010011 
	Parameter LOAD bound to: 7'b0000011 
	Parameter STORE bound to: 7'b0100011 
	Parameter BRANCH bound to: 7'b1100011 
	Parameter LUI bound to: 7'b0110111 
INFO: [Synth 8-6155] done synthesizing module 'MainControl' (6#1) [C:/Users/Muhammad Murtaza/Desktop/unis shit/sem 4/CA/CA-labs-mm09736-spring-26-/vivado files/project_1.srcs/sources_1/new/control unit.v:99]
INFO: [Synth 8-6157] synthesizing module 'ALUControl' [C:/Users/Muhammad Murtaza/Desktop/unis shit/sem 4/CA/CA-labs-mm09736-spring-26-/vivado files/project_1.srcs/sources_1/new/ALU control.v:31]
INFO: [Synth 8-226] default block is never used [C:/Users/Muhammad Murtaza/Desktop/unis shit/sem 4/CA/CA-labs-mm09736-spring-26-/vivado files/project_1.srcs/sources_1/new/ALU control.v:38]
INFO: [Synth 8-6155] done synthesizing module 'ALUControl' (7#1) [C:/Users/Muhammad Murtaza/Desktop/unis shit/sem 4/CA/CA-labs-mm09736-spring-26-/vivado files/project_1.srcs/sources_1/new/ALU control.v:31]
INFO: [Synth 8-6157] synthesizing module 'RegisterFile' [C:/Users/Muhammad Murtaza/Desktop/unis shit/sem 4/CA/CA-labs-mm09736-spring-26-/vivado files/project_1.srcs/sources_1/new/registerfile.v:3]
INFO: [Synth 8-6155] done synthesizing module 'RegisterFile' (8#1) [C:/Users/Muhammad Murtaza/Desktop/unis shit/sem 4/CA/CA-labs-mm09736-spring-26-/vivado files/project_1.srcs/sources_1/new/registerfile.v:3]
INFO: [Synth 8-6157] synthesizing module 'mux3' [C:/Users/Muhammad Murtaza/Desktop/unis shit/sem 4/CA/CA-labs-mm09736-spring-26-/vivado files/project_1.srcs/sources_1/new/Muxes.v:26]
INFO: [Synth 8-6155] done synthesizing module 'mux3' (9#1) [C:/Users/Muhammad Murtaza/Desktop/unis shit/sem 4/CA/CA-labs-mm09736-spring-26-/vivado files/project_1.srcs/sources_1/new/Muxes.v:26]
INFO: [Synth 8-6157] synthesizing module 'ALU32bit' [C:/Users/Muhammad Murtaza/Desktop/unis shit/sem 4/CA/CA-labs-mm09736-spring-26-/vivado files/project_1.srcs/sources_1/new/32 bit ALU.v:47]
INFO: [Synth 8-6157] synthesizing module 'ALU1bit' [C:/Users/Muhammad Murtaza/Desktop/unis shit/sem 4/CA/CA-labs-mm09736-spring-26-/vivado files/project_1.srcs/sources_1/new/ALU_1bit.v:1]
INFO: [Synth 8-6155] done synthesizing module 'ALU1bit' (10#1) [C:/Users/Muhammad Murtaza/Desktop/unis shit/sem 4/CA/CA-labs-mm09736-spring-26-/vivado files/project_1.srcs/sources_1/new/ALU_1bit.v:1]
INFO: [Synth 8-6155] done synthesizing module 'ALU32bit' (11#1) [C:/Users/Muhammad Murtaza/Desktop/unis shit/sem 4/CA/CA-labs-mm09736-spring-26-/vivado files/project_1.srcs/sources_1/new/32 bit ALU.v:47]
INFO: [Synth 8-6157] synthesizing module 'addressDecoderTop' [C:/Users/Muhammad Murtaza/Desktop/unis shit/sem 4/CA/CA-labs-mm09736-spring-26-/vivado files/project_1.srcs/sources_1/new/address decoder top.v:2]
INFO: [Synth 8-6157] synthesizing module 'AddressDecoder' [C:/Users/Muhammad Murtaza/Desktop/unis shit/sem 4/CA/CA-labs-mm09736-spring-26-/vivado files/project_1.srcs/sources_1/new/address decoder.v:1]
INFO: [Synth 8-6155] done synthesizing module 'AddressDecoder' (12#1) [C:/Users/Muhammad Murtaza/Desktop/unis shit/sem 4/CA/CA-labs-mm09736-spring-26-/vivado files/project_1.srcs/sources_1/new/address decoder.v:1]
INFO: [Synth 8-6157] synthesizing module 'DataMemory' [C:/Users/Muhammad Murtaza/Desktop/unis shit/sem 4/CA/CA-labs-mm09736-spring-26-/vivado files/project_1.srcs/sources_1/new/DataMemory.v:4]
INFO: [Synth 8-6155] done synthesizing module 'DataMemory' (13#1) [C:/Users/Muhammad Murtaza/Desktop/unis shit/sem 4/CA/CA-labs-mm09736-spring-26-/vivado files/project_1.srcs/sources_1/new/DataMemory.v:4]
INFO: [Synth 8-6157] synthesizing module 'leds' [C:/Users/Muhammad Murtaza/Desktop/unis shit/sem 4/CA/CA-labs-mm09736-spring-26-/vivado files/project_1.srcs/sources_1/new/LED.v:2]
INFO: [Synth 8-6155] done synthesizing module 'leds' (14#1) [C:/Users/Muhammad Murtaza/Desktop/unis shit/sem 4/CA/CA-labs-mm09736-spring-26-/vivado files/project_1.srcs/sources_1/new/LED.v:2]
INFO: [Synth 8-6157] synthesizing module 'switches' [C:/Users/Muhammad Murtaza/Desktop/unis shit/sem 4/CA/CA-labs-mm09736-spring-26-/vivado files/project_1.srcs/sources_1/new/switches.v:43]
INFO: [Synth 8-6155] done synthesizing module 'switches' (15#1) [C:/Users/Muhammad Murtaza/Desktop/unis shit/sem 4/CA/CA-labs-mm09736-spring-26-/vivado files/project_1.srcs/sources_1/new/switches.v:43]
INFO: [Synth 8-6155] done synthesizing module 'addressDecoderTop' (16#1) [C:/Users/Muhammad Murtaza/Desktop/unis shit/sem 4/CA/CA-labs-mm09736-spring-26-/vivado files/project_1.srcs/sources_1/new/address decoder top.v:2]
INFO: [Synth 8-6157] synthesizing module 'mux1' [C:/Users/Muhammad Murtaza/Desktop/unis shit/sem 4/CA/CA-labs-mm09736-spring-26-/vivado files/project_1.srcs/sources_1/new/Muxes.v:3]
INFO: [Synth 8-6155] done synthesizing module 'mux1' (17#1) [C:/Users/Muhammad Murtaza/Desktop/unis shit/sem 4/CA/CA-labs-mm09736-spring-26-/vivado files/project_1.srcs/sources_1/new/Muxes.v:3]
INFO: [Synth 8-6157] synthesizing module 'branchAdder' [C:/Users/Muhammad Murtaza/Desktop/unis shit/sem 4/CA/CA-labs-mm09736-spring-26-/vivado files/project_1.srcs/sources_1/new/branchAdder.v:3]
INFO: [Synth 8-6155] done synthesizing module 'branchAdder' (18#1) [C:/Users/Muhammad Murtaza/Desktop/unis shit/sem 4/CA/CA-labs-mm09736-spring-26-/vivado files/project_1.srcs/sources_1/new/branchAdder.v:3]
INFO: [Synth 8-6157] synthesizing module 'mux2' [C:/Users/Muhammad Murtaza/Desktop/unis shit/sem 4/CA/CA-labs-mm09736-spring-26-/vivado files/project_1.srcs/sources_1/new/Muxes.v:15]
INFO: [Synth 8-6155] done synthesizing module 'mux2' (19#1) [C:/Users/Muhammad Murtaza/Desktop/unis shit/sem 4/CA/CA-labs-mm09736-spring-26-/vivado files/project_1.srcs/sources_1/new/Muxes.v:15]
INFO: [Synth 8-6157] synthesizing module 'bcd_converter' [C:/Users/Muhammad Murtaza/Desktop/unis shit/sem 4/CA/CA-labs-mm09736-spring-26-/vivado files/project_1.srcs/sources_1/new/BCD converter.v:2]
INFO: [Synth 8-6155] done synthesizing module 'bcd_converter' (20#1) [C:/Users/Muhammad Murtaza/Desktop/unis shit/sem 4/CA/CA-labs-mm09736-spring-26-/vivado files/project_1.srcs/sources_1/new/BCD converter.v:2]
INFO: [Synth 8-6157] synthesizing module 'seven_segment' [C:/Users/Muhammad Murtaza/Desktop/unis shit/sem 4/CA/CA-labs-mm09736-spring-26-/vivado files/project_1.srcs/sources_1/new/seven_segment_display.v:3]
	Parameter MUX_RATE bound to: 16'b0011000011010100 
INFO: [Synth 8-226] default block is never used [C:/Users/Muhammad Murtaza/Desktop/unis shit/sem 4/CA/CA-labs-mm09736-spring-26-/vivado files/project_1.srcs/sources_1/new/seven_segment_display.v:43]
WARNING: [Synth 8-151] case item 4'b1010 is unreachable [C:/Users/Muhammad Murtaza/Desktop/unis shit/sem 4/CA/CA-labs-mm09736-spring-26-/vivado files/project_1.srcs/sources_1/new/seven_segment_display.v:69]
INFO: [Synth 8-6155] done synthesizing module 'seven_segment' (21#1) [C:/Users/Muhammad Murtaza/Desktop/unis shit/sem 4/CA/CA-labs-mm09736-spring-26-/vivado files/project_1.srcs/sources_1/new/seven_segment_display.v:3]
INFO: [Synth 8-6155] done synthesizing module 'TopLevelProcessor' (22#1) [C:/Users/Muhammad Murtaza/Desktop/unis shit/sem 4/CA/CA-labs-mm09736-spring-26-/vivado files/project_1.srcs/sources_1/new/top_lab11.v:2]
---------------------------------------------------------------------------------
Finished RTL Elaboration : Time (s): cpu = 00:00:07 ; elapsed = 00:00:08 . Memory (MB): peak = 1028.168 ; gain = 0.000
---------------------------------------------------------------------------------
---------------------------------------------------------------------------------
Start Handling Custom Attributes
---------------------------------------------------------------------------------
---------------------------------------------------------------------------------
Finished Handling Custom Attributes : Time (s): cpu = 00:00:07 ; elapsed = 00:00:09 . Memory (MB): peak = 1028.168 ; gain = 0.000
---------------------------------------------------------------------------------
---------------------------------------------------------------------------------
Finished RTL Optimization Phase 1 : Time (s): cpu = 00:00:07 ; elapsed = 00:00:09 . Memory (MB): peak = 1028.168 ; gain = 0.000
---------------------------------------------------------------------------------
Netlist sorting complete. Time (s): cpu = 00:00:00 ; elapsed = 00:00:00.038 . Memory (MB): peak = 1028.168 ; gain = 0.000
INFO: [Project 1-570] Preparing netlist for logic optimization

Processing XDC Constraints
Initializing timing engine
Parsing XDC File [C:/Users/Muhammad Murtaza/Desktop/unis shit/sem 4/CA/CA-labs-mm09736-spring-26-/vivado files/project_1.srcs/constrs_1/new/lab10_constraints.xdc]
Finished Parsing XDC File [C:/Users/Muhammad Murtaza/Desktop/unis shit/sem 4/CA/CA-labs-mm09736-spring-26-/vivado files/project_1.srcs/constrs_1/new/lab10_constraints.xdc]
INFO: [Project 1-236] Implementation specific constraints were found while reading constraint file [C:/Users/Muhammad Murtaza/Desktop/unis shit/sem 4/CA/CA-labs-mm09736-spring-26-/vivado files/project_1.srcs/constrs_1/new/lab10_constraints.xdc]. These constraints will be ignored for synthesis but will be used in implementation. Impacted constraints are listed in the file [.Xil/TopLevelProcessor_propImpl.xdc].
Resolution: To avoid this warning, move constraints listed in [.Xil/TopLevelProcessor_propImpl.xdc] to another XDC file and exclude this new file from synthesis with the used_in_synthesis property (File Properties dialog in GUI) and re-run elaboration/synthesis.
Completed Processing XDC Constraints

Netlist sorting complete. Time (s): cpu = 00:00:00 ; elapsed = 00:00:00.001 . Memory (MB): peak = 1052.957 ; gain = 0.000
INFO: [Project 1-111] Unisim Transformation Summary:
No Unisim elements were transformed.

Constraint Validation Runtime : Time (s): cpu = 00:00:00 ; elapsed = 00:00:00.015 . Memory (MB): peak = 1052.957 ; gain = 0.000
---------------------------------------------------------------------------------
Finished Constraint Validation : Time (s): cpu = 00:00:15 ; elapsed = 00:00:17 . Memory (MB): peak = 1052.957 ; gain = 24.789
---------------------------------------------------------------------------------
---------------------------------------------------------------------------------
Start Loading Part and Timing Information
---------------------------------------------------------------------------------
Loading part: xc7a35tcpg236-1
---------------------------------------------------------------------------------
Finished Loading Part and Timing Information : Time (s): cpu = 00:00:15 ; elapsed = 00:00:17 . Memory (MB): peak = 1052.957 ; gain = 24.789
---------------------------------------------------------------------------------
---------------------------------------------------------------------------------
Start Applying 'set_property' XDC Constraints
---------------------------------------------------------------------------------
---------------------------------------------------------------------------------
Finished applying 'set_property' XDC Constraints : Time (s): cpu = 00:00:15 ; elapsed = 00:00:17 . Memory (MB): peak = 1052.957 ; gain = 24.789
---------------------------------------------------------------------------------
---------------------------------------------------------------------------------
Finished RTL Optimization Phase 2 : Time (s): cpu = 00:00:16 ; elapsed = 00:00:19 . Memory (MB): peak = 1052.957 ; gain = 24.789
---------------------------------------------------------------------------------
---------------------------------------------------------------------------------
Start RTL Component Statistics 
---------------------------------------------------------------------------------
Detailed RTL Component Info : 
+---Adders : 
	   2 Input   32 Bit       Adders := 3     
	   2 Input   26 Bit       Adders := 1     
	   2 Input   16 Bit       Adders := 19    
	   2 Input    4 Bit       Adders := 7     
	   2 Input    2 Bit       Adders := 1     
+---XORs : 
	   2 Input      1 Bit         XORs := 128   
+---Registers : 
	               32 Bit    Registers := 34    
	               26 Bit    Registers := 1     
	               16 Bit    Registers := 2     
	                2 Bit    Registers := 1     
	                1 Bit    Registers := 1     
+---Muxes : 
	  22 Input   32 Bit        Muxes := 1     
	   6 Input   32 Bit        Muxes := 2     
	  33 Input   32 Bit        Muxes := 2     
	   2 Input   32 Bit        Muxes := 6     
	   2 Input   26 Bit        Muxes := 1     
	   2 Input   16 Bit        Muxes := 1     
	   4 Input    4 Bit        Muxes := 3     
	   6 Input    3 Bit        Muxes := 1     
	   9 Input    3 Bit        Muxes := 1     
	   7 Input    2 Bit        Muxes := 1     
	   7 Input    1 Bit        Muxes := 5     
	   2 Input    1 Bit        Muxes := 99    
---------------------------------------------------------------------------------
Finished RTL Component Statistics 
---------------------------------------------------------------------------------
---------------------------------------------------------------------------------
Start Part Resource Summary
---------------------------------------------------------------------------------
Part Resources:
DSPs: 90 (col length:60)
BRAMs: 100 (col length: RAMB18 60 RAMB36 30)
---------------------------------------------------------------------------------
Finished Part Resource Summary
---------------------------------------------------------------------------------
---------------------------------------------------------------------------------
Start Cross Boundary and Area Optimization
---------------------------------------------------------------------------------
---------------------------------------------------------------------------------
Finished Cross Boundary and Area Optimization : Time (s): cpu = 00:01:28 ; elapsed = 00:01:36 . Memory (MB): peak = 1122.234 ; gain = 94.066
---------------------------------------------------------------------------------
---------------------------------------------------------------------------------
Start ROM, RAM, DSP and Shift Register Reporting
---------------------------------------------------------------------------------

Distributed RAM: Preliminary Mapping	Report (see note below)
+------------+----------------------+-----------+----------------------+-----------------+
|Module Name | RTL Object           | Inference | Size (Depth x Width) | Primitives      | 
+------------+----------------------+-----------+----------------------+-----------------+
|mem_io      | datamem_inst/mem_reg | Implied   | 512 x 32             | RAM256X1S x 64	 | 
+------------+----------------------+-----------+----------------------+-----------------+

Note: The table above is a preliminary report that shows the Distributed RAMs at the current stage of the synthesis flow. Some Distributed RAMs may be reimplemented as non Distributed RAM primitives later in the synthesis flow. Multiple instantiated RAMs are reported only once.
---------------------------------------------------------------------------------
Finished ROM, RAM, DSP and Shift Register Reporting
---------------------------------------------------------------------------------
---------------------------------------------------------------------------------
Start Applying XDC Timing Constraints
---------------------------------------------------------------------------------
---------------------------------------------------------------------------------
Finished Applying XDC Timing Constraints : Time (s): cpu = 00:01:37 ; elapsed = 00:01:46 . Memory (MB): peak = 1122.234 ; gain = 94.066
---------------------------------------------------------------------------------
---------------------------------------------------------------------------------
Start Timing Optimization
---------------------------------------------------------------------------------
---------------------------------------------------------------------------------
Finished Timing Optimization : Time (s): cpu = 00:01:47 ; elapsed = 00:01:57 . Memory (MB): peak = 1122.234 ; gain = 94.066
---------------------------------------------------------------------------------
---------------------------------------------------------------------------------
Start ROM, RAM, DSP and Shift Register Reporting
---------------------------------------------------------------------------------

Distributed RAM: Final Mapping	Report
+------------+----------------------+-----------+----------------------+-----------------+
|Module Name | RTL Object           | Inference | Size (Depth x Width) | Primitives      | 
+------------+----------------------+-----------+----------------------+-----------------+
|mem_io      | datamem_inst/mem_reg | Implied   | 512 x 32             | RAM256X1S x 64	 | 
+------------+----------------------+-----------+----------------------+-----------------+

---------------------------------------------------------------------------------
Finished ROM, RAM, DSP and Shift Register Reporting
---------------------------------------------------------------------------------
---------------------------------------------------------------------------------
Start Technology Mapping
---------------------------------------------------------------------------------
---------------------------------------------------------------------------------
Finished Technology Mapping : Time (s): cpu = 00:01:56 ; elapsed = 00:02:06 . Memory (MB): peak = 1125.035 ; gain = 96.867
---------------------------------------------------------------------------------
---------------------------------------------------------------------------------
Start IO Insertion
---------------------------------------------------------------------------------
---------------------------------------------------------------------------------
Start Flattening Before IO Insertion
---------------------------------------------------------------------------------
---------------------------------------------------------------------------------
Finished Flattening Before IO Insertion
---------------------------------------------------------------------------------
---------------------------------------------------------------------------------
Start Final Netlist Cleanup
---------------------------------------------------------------------------------
---------------------------------------------------------------------------------
Finished Final Netlist Cleanup
---------------------------------------------------------------------------------
---------------------------------------------------------------------------------
Finished IO Insertion : Time (s): cpu = 00:02:01 ; elapsed = 00:02:11 . Memory (MB): peak = 1130.664 ; gain = 102.496
---------------------------------------------------------------------------------
---------------------------------------------------------------------------------
Start Renaming Generated Instances
---------------------------------------------------------------------------------
---------------------------------------------------------------------------------
Finished Renaming Generated Instances : Time (s): cpu = 00:02:01 ; elapsed = 00:02:11 . Memory (MB): peak = 1130.664 ; gain = 102.496
---------------------------------------------------------------------------------
---------------------------------------------------------------------------------
Start Rebuilding User Hierarchy
---------------------------------------------------------------------------------
---------------------------------------------------------------------------------
Finished Rebuilding User Hierarchy : Time (s): cpu = 00:02:01 ; elapsed = 00:02:11 . Memory (MB): peak = 1130.664 ; gain = 102.496
---------------------------------------------------------------------------------
---------------------------------------------------------------------------------
Start Renaming Generated Ports
---------------------------------------------------------------------------------
---------------------------------------------------------------------------------
Finished Renaming Generated Ports : Time (s): cpu = 00:02:01 ; elapsed = 00:02:11 . Memory (MB): peak = 1130.664 ; gain = 102.496
---------------------------------------------------------------------------------
---------------------------------------------------------------------------------
Start Handling Custom Attributes
---------------------------------------------------------------------------------
---------------------------------------------------------------------------------
Finished Handling Custom Attributes : Time (s): cpu = 00:02:01 ; elapsed = 00:02:11 . Memory (MB): peak = 1130.664 ; gain = 102.496
---------------------------------------------------------------------------------
---------------------------------------------------------------------------------
Start Renaming Generated Nets
---------------------------------------------------------------------------------
---------------------------------------------------------------------------------
Finished Renaming Generated Nets : Time (s): cpu = 00:02:01 ; elapsed = 00:02:11 . Memory (MB): peak = 1130.664 ; gain = 102.496
---------------------------------------------------------------------------------
---------------------------------------------------------------------------------
Start Writing Synthesis Report
---------------------------------------------------------------------------------

Report BlackBoxes: 
+-+--------------+----------+
| |BlackBox name |Instances |
+-+--------------+----------+
+-+--------------+----------+

Report Cell Usage: 
+------+----------+------+
|      |Cell      |Count |
+------+----------+------+
|1     |BUFG      |     2|
|2     |CARRY4    |    90|
|3     |LUT1      |   155|
|4     |LUT2      |    66|
|5     |LUT3      |   101|
|6     |LUT4      |   102|
|7     |LUT5      |   241|
|8     |LUT6      |   322|
|9     |MUXF7     |    26|
|10    |RAM256X1S |    63|
|11    |FDCE      |     7|
|12    |FDRE      |   253|
|13    |IBUF      |    18|
|14    |OBUF      |    27|
+------+----------+------+
---------------------------------------------------------------------------------
Finished Writing Synthesis Report : Time (s): cpu = 00:02:01 ; elapsed = 00:02:11 . Memory (MB): peak = 1130.664 ; gain = 102.496
---------------------------------------------------------------------------------
Synthesis finished with 0 errors, 0 critical warnings and 0 warnings.
Synthesis Optimization Runtime : Time (s): cpu = 00:01:51 ; elapsed = 00:02:09 . Memory (MB): peak = 1130.664 ; gain = 77.707
Synthesis Optimization Complete : Time (s): cpu = 00:02:01 ; elapsed = 00:02:12 . Memory (MB): peak = 1130.664 ; gain = 102.496
INFO: [Project 1-571] Translating synthesized netlist
Netlist sorting complete. Time (s): cpu = 00:00:00 ; elapsed = 00:00:00.022 . Memory (MB): peak = 1143.750 ; gain = 0.000
INFO: [Netlist 29-17] Analyzing 179 Unisim elements for replacement
INFO: [Netlist 29-28] Unisim Transformation completed in 0 CPU seconds
INFO: [Project 1-570] Preparing netlist for logic optimization
INFO: [Opt 31-138] Pushed 0 inverter(s) to 0 load pin(s).
Netlist sorting complete. Time (s): cpu = 00:00:00 ; elapsed = 00:00:00.001 . Memory (MB): peak = 1143.750 ; gain = 0.000
INFO: [Project 1-111] Unisim Transformation Summary:
  A total of 63 instances were transformed.
  RAM256X1S => RAM256X1S (MUXF7(x2), MUXF8, RAMS64E(x4)): 63 instances

INFO: [Common 17-83] Releasing license: Synthesis
62 Infos, 2 Warnings, 0 Critical Warnings and 0 Errors encountered.
synth_design completed successfully
synth_design: Time (s): cpu = 00:02:09 ; elapsed = 00:02:21 . Memory (MB): peak = 1143.750 ; gain = 115.582
INFO: [Common 17-1381] The checkpoint 'C:/Users/Muhammad Murtaza/Desktop/unis shit/sem 4/CA/CA-labs-mm09736-spring-26-/vivado files/project_1.runs/synth_1/TopLevelProcessor.dcp' has been generated.
INFO: [runtcl-4] Executing : report_utilization -file TopLevelProcessor_utilization_synth.rpt -pb TopLevelProcessor_utilization_synth.pb
INFO: [Common 17-206] Exiting Vivado at Sat Apr 11 17:23:26 2026...
