Vivado Simulator 2020.1
Time resolution is 1 ps
=== PC INCREMENT TESTS (PCSrc = 0) ===
After reset: PC = 0 (expected 0)
PC = 4,  PC+4 = 8
PC = 8,  PC+4 = 12
PC = 12,  PC+4 = 16
PC = 16,  PC+4 = 20
PC = 20,  PC+4 = 24

=== BRANCH TARGET TESTS (PCSrc = 1) ===
B-type imm=+20: immGen output = 20 (expected 20)
After branch: PC = 40, branchTarget = 60
(branch target should be previous_PC + 20)

=== NEGATIVE BRANCH TEST ===
B-type imm=-4: immGen output = -8 (expected -4)
After branch: PC = 32

=== IMMGEN I-TYPE TESTS ===
ADDI imm=-1:  immGen output = -1 (expected -1)
ADDI imm=512: immGen output = 512 (expected 512)
ADDI imm=256: immGen output = 256 (expected 256)

=== IMMGEN S-TYPE TESTS ===
SW imm=0:  immGen output = 0 (expected 0)

=== SEQUENTIAL EXECUTION RESUMING ===
PC = 36,  PC+4 = 40
PC = 40,  PC+4 = 44
PC = 44,  PC+4 = 48

=== ALL TESTS DONE ===
$finish called at time : 116 ns : File "C:/Users/Muhammad Murtaza/Desktop/unis shit/sem 4/CA/CA-labs-mm09736-spring-26-/vivavo files/project_1.srcs/sim_1/new/tb _lab11.v" Line 167
