Copyright 1986-2020 Xilinx, Inc. All Rights Reserved.
----------------------------------------------------------------------------------------------
| Tool Version : Vivado v.2020.1 (win64) Build 2902540 Wed May 27 19:54:49 MDT 2020
| Date         : Sat Apr 11 17:24:16 2026
| Host         : DESKTOP-9AV3E5K running 64-bit major release  (build 9200)
| Command      : report_control_sets -verbose -file TopLevelProcessor_control_sets_placed.rpt
| Design       : TopLevelProcessor
| Device       : xc7a35t
----------------------------------------------------------------------------------------------

Control Set Information

Table of Contents
-----------------
1. Summary
2. Histogram
3. Flip-Flop Distribution
4. Detailed Control Set Information

1. Summary
----------

+----------------------------------------------------------+-------+
|                          Status                          | Count |
+----------------------------------------------------------+-------+
| Total control sets                                       |    13 |
|    Minimum number of control sets                        |    13 |
|    Addition due to synthesis replication                 |     0 |
|    Addition due to physical synthesis replication        |     0 |
| Unused register locations in slices containing registers |    20 |
+----------------------------------------------------------+-------+
* Control sets can be merged at opt_design using control_set_merge or merge_equivalent_drivers
** Run report_qor_suggestions for automated merging and remapping suggestions


2. Histogram
------------

+--------------------+-------+
|       Fanout       | Count |
+--------------------+-------+
| Total control sets |    13 |
| >= 0 to < 4        |     1 |
| >= 4 to < 6        |     0 |
| >= 6 to < 8        |     1 |
| >= 8 to < 10       |     0 |
| >= 10 to < 12      |     0 |
| >= 12 to < 14      |     0 |
| >= 14 to < 16      |     0 |
| >= 16              |    11 |
+--------------------+-------+
* Control sets can be remapped at either synth_design or opt_design


3. Flip-Flop Distribution
-------------------------

+--------------+-----------------------+------------------------+-----------------+--------------+
| Clock Enable | Synchronous Set/Reset | Asynchronous Set/Reset | Total Registers | Total Slices |
+--------------+-----------------------+------------------------+-----------------+--------------+
| No           | No                    | No                     |               2 |            2 |
| No           | No                    | Yes                    |               7 |            2 |
| No           | Yes                   | No                     |              43 |           13 |
| Yes          | No                    | No                     |               0 |            0 |
| Yes          | No                    | Yes                    |               0 |            0 |
| Yes          | Yes                   | No                     |             224 |          140 |
+--------------+-----------------------+------------------------+-----------------+--------------+


4. Detailed Control Set Information
-----------------------------------

+----------------+------------------------+--------------------------------+------------------+----------------+--------------+
|  Clock Signal  |      Enable Signal     |        Set/Reset Signal        | Slice Load Count | Bel Load Count | Bels / Slice |
+----------------+------------------------+--------------------------------+------------------+----------------+--------------+
|  clk_IBUF_BUFG |                        |                                |                2 |              2 |         1.00 |
|  clk_slow_BUFG |                        | rst_IBUF                       |                2 |              7 |         3.50 |
|  clk_IBUF_BUFG |                        | rst_IBUF                       |                6 |             18 |         3.00 |
|  clk_IBUF_BUFG |                        | clk_div_inst/count[25]_i_1_n_0 |                7 |             25 |         3.57 |
|  clk_slow_BUFG | pc_inst/PC_reg[6]_4[0] | rst_IBUF                       |               21 |             32 |         1.52 |
|  clk_slow_BUFG | pc_inst/PC_reg[3]_7[0] | rst_IBUF                       |               19 |             32 |         1.68 |
|  clk_slow_BUFG | pc_inst/PC_reg[3]_6[0] | rst_IBUF                       |               19 |             32 |         1.68 |
|  clk_slow_BUFG | pc_inst/E[0]           | rst_IBUF                       |               21 |             32 |         1.52 |
|  clk_slow_BUFG | pc_inst/PC_reg[6]_7[0] | rst_IBUF                       |               21 |             32 |         1.52 |
|  clk_slow_BUFG | pc_inst/PC_reg[6]_5[0] | rst_IBUF                       |               20 |             32 |         1.60 |
|  clk_slow_BUFG | pc_inst/PC_reg[6]_6[0] | rst_IBUF                       |               19 |             32 |         1.68 |
|  clk_slow_BUFG | pc_inst/PC_reg[3]_2    |                                |               31 |            124 |         4.00 |
|  clk_slow_BUFG | pc_inst/PC_reg[3]_3    |                                |               32 |            128 |         4.00 |
+----------------+------------------------+--------------------------------+------------------+----------------+--------------+


